============================= test session starts =============================
platform win32 -- Python 3.11.7, pytest-9.0.2, pluggy-1.6.0
rootdir: D:\Projects\Internal Knowledge AI Agent\backend
configfile: pyproject.toml
plugins: anyio-4.12.1, Faker-40.5.1, langsmith-0.7.7, asyncio-1.3.0, cov-7.0.0
asyncio: mode=Mode.AUTO, debug=False, asyncio_default_fixture_loop_scope=None, asyncio_default_test_loop_scope=function
collected 19 items

tests\integration\test_auth_login.py F..F                                [ 21%]
tests\integration\test_auth_password.py ..FFFF                           [ 52%]
tests\integration\test_auth_refresh_logout.py F.F                        [ 68%]
tests\integration\test_users_router.py FF.FFF                            [100%]

================================== FAILURES ===================================
________________________ TestLogin.test_login_success _________________________
tests\integration\test_auth_login.py:17: in test_login_success
    assert body["token_type"] == "Bearer"
E   AssertionError: assert 'bearer' == 'Bearer'
E     
E     - Bearer
E     ? ^
E     + bearer
E     ? ^
---------------------------- Captured stdout call -----------------------------
{"method": "POST", "path": "/api/v1/auth/login", "status_code": 200, "duration_ms": 236.49, "event": "request_completed", "request_id": "d7dea2ea-54a8-40df-831e-3412114bfaf1", "level": "info", "timestamp": "2026-02-27T17:52:59.280514Z"}
_____________________ TestLogin.test_login_inactive_user ______________________
tests\integration\test_auth_login.py:51: in test_login_inactive_user
    assert resp.status_code == 401
E   assert 403 == 401
E    +  where 403 = <Response [403 Forbidden]>.status_code
---------------------------- Captured stdout call -----------------------------
{"method": "POST", "path": "/api/v1/auth/login", "status_code": 403, "duration_ms": 213.02, "event": "request_completed", "request_id": "c3f86dbd-a2ec-4373-888e-07e0bd565cf6", "level": "info", "timestamp": "2026-02-27T17:53:00.735610Z"}
------------------------------ Captured log call ------------------------------
WARNING  src.api.middleware.error_handler:error_handler.py:53 AppError [forbidden]: Account is disabled
_______________ TestPasswordReset.test_change_password_success ________________
..\.venv\Lib\site-packages\sqlalchemy\dialects\postgresql\asyncpg.py:526: in _prepare_and_execute
    prepared_stmt, attributes = await adapt_connection._prepare(
..\.venv\Lib\site-packages\sqlalchemy\dialects\postgresql\asyncpg.py:773: in _prepare
    prepared_stmt = await self._connection.prepare(
..\.venv\Lib\site-packages\asyncpg\connection.py:638: in prepare
    return await self._prepare(
..\.venv\Lib\site-packages\asyncpg\connection.py:657: in _prepare
    stmt = await self._get_statement(
..\.venv\Lib\site-packages\asyncpg\connection.py:443: in _get_statement
    statement = await self._protocol.prepare(
asyncpg/protocol/protocol.pyx:165: in prepare
    ???
E   asyncpg.exceptions.UndefinedTableError: relation "users" does not exist

The above exception was the direct cause of the following exception:
..\.venv\Lib\site-packages\sqlalchemy\engine\base.py:1967: in _exec_single_context
    self.dialect.do_execute(
..\.venv\Lib\site-packages\sqlalchemy\engine\default.py:952: in do_execute
    cursor.execute(statement, parameters)
..\.venv\Lib\site-packages\sqlalchemy\dialects\postgresql\asyncpg.py:585: in execute
    self._adapt_connection.await_(
..\.venv\Lib\site-packages\sqlalchemy\util\_concurrency_py3k.py:132: in await_only
    return current.parent.switch(awaitable)  # type: ignore[no-any-return,attr-defined] # noqa: E501
           ^^^^^^^^^^^^^^^^^^^^^^^^^^^^^^^^
..\.venv\Lib\site-packages\sqlalchemy\util\_concurrency_py3k.py:196: in greenlet_spawn
    value = await result
            ^^^^^^^^^^^^
..\.venv\Lib\site-packages\sqlalchemy\dialects\postgresql\asyncpg.py:563: in _prepare_and_execute
    self._handle_exception(error)
..\.venv\Lib\site-packages\sqlalchemy\dialects\postgresql\asyncpg.py:513: in _handle_exception
    self._adapt_connection._handle_exception(error)
..\.venv\Lib\site-packages\sqlalchemy\dialects\postgresql\asyncpg.py:797: in _handle_exception
    raise translated_error from error
E   sqlalchemy.dialects.postgresql.asyncpg.AsyncAdapt_asyncpg_dbapi.ProgrammingError: <class 'asyncpg.exceptions.UndefinedTableError'>: relation "users" does not exist

The above exception was the direct cause of the following exception:
tests\integration\test_auth_password.py:33: in test_change_password_success
    resp = await client.post(
..\.venv\Lib\site-packages\httpx\_client.py:1859: in post
    return await self.request(
..\.venv\Lib\site-packages\httpx\_client.py:1540: in request
    return await self.send(request, auth=auth, follow_redirects=follow_redirects)
           ^^^^^^^^^^^^^^^^^^^^^^^^^^^^^^^^^^^^^^^^^^^^^^^^^^^^^^^^^^^^^^^^^^^^^^
..\.venv\Lib\site-packages\httpx\_client.py:1629: in send
    response = await self._send_handling_auth(
..\.venv\Lib\site-packages\httpx\_client.py:1657: in _send_handling_auth
    response = await self._send_handling_redirects(
..\.venv\Lib\site-packages\httpx\_client.py:1694: in _send_handling_redirects
    response = await self._send_single_request(request)
               ^^^^^^^^^^^^^^^^^^^^^^^^^^^^^^^^^^^^^^^^
..\.venv\Lib\site-packages\httpx\_client.py:1730: in _send_single_request
    response = await transport.handle_async_request(request)
               ^^^^^^^^^^^^^^^^^^^^^^^^^^^^^^^^^^^^^^^^^^^^^
..\.venv\Lib\site-packages\httpx\_transports\asgi.py:170: in handle_async_request
    await self.app(scope, receive, send)
..\.venv\Lib\site-packages\fastapi\applications.py:1160: in __call__
    await super().__call__(scope, receive, send)
..\.venv\Lib\site-packages\starlette\applications.py:107: in __call__
    await self.middleware_stack(scope, receive, send)
..\.venv\Lib\site-packages\starlette\middleware\errors.py:186: in __call__
    raise exc
..\.venv\Lib\site-packages\starlette\middleware\errors.py:164: in __call__
    await self.app(scope, receive, _send)
..\.venv\Lib\site-packages\starlette\middleware\cors.py:87: in __call__
    await self.app(scope, receive, send)
..\.venv\Lib\site-packages\starlette\middleware\base.py:191: in __call__
    with recv_stream, send_stream, collapse_excgroups():
C:\Users\moham\AppData\Local\Programs\Python\Python311\Lib\contextlib.py:158: in __exit__
    self.gen.throw(typ, value, traceback)
..\.venv\Lib\site-packages\starlette\_utils.py:87: in collapse_excgroups
    raise exc
..\.venv\Lib\site-packages\starlette\middleware\base.py:193: in __call__
    response = await self.dispatch_func(request, call_next)
               ^^^^^^^^^^^^^^^^^^^^^^^^^^^^^^^^^^^^^^^^^^^^
src\middleware\security_headers.py:84: in dispatch
    response = await call_next(request)
               ^^^^^^^^^^^^^^^^^^^^^^^^
..\.venv\Lib\site-packages\starlette\middleware\base.py:168: in call_next
    raise app_exc from app_exc.__cause__ or app_exc.__context__
..\.venv\Lib\site-packages\starlette\middleware\base.py:144: in coro
    await self.app(scope, receive_or_disconnect, send_no_error)
..\.venv\Lib\site-packages\starlette\middleware\base.py:191: in __call__
    with recv_stream, send_stream, collapse_excgroups():
C:\Users\moham\AppData\Local\Programs\Python\Python311\Lib\contextlib.py:158: in __exit__
    self.gen.throw(typ, value, traceback)
..\.venv\Lib\site-packages\starlette\_utils.py:87: in collapse_excgroups
    raise exc
..\.venv\Lib\site-packages\starlette\middleware\base.py:193: in __call__
    response = await self.dispatch_func(request, call_next)
               ^^^^^^^^^^^^^^^^^^^^^^^^^^^^^^^^^^^^^^^^^^^^
src\middleware\rate_limit.py:98: in dispatch
    response = await call_next(request)
               ^^^^^^^^^^^^^^^^^^^^^^^^
..\.venv\Lib\site-packages\starlette\middleware\base.py:168: in call_next
    raise app_exc from app_exc.__cause__ or app_exc.__context__
..\.venv\Lib\site-packages\starlette\middleware\base.py:144: in coro
    await self.app(scope, receive_or_disconnect, send_no_error)
..\.venv\Lib\site-packages\starlette\middleware\base.py:191: in __call__
    with recv_stream, send_stream, collapse_excgroups():
C:\Users\moham\AppData\Local\Programs\Python\Python311\Lib\contextlib.py:158: in __exit__
    self.gen.throw(typ, value, traceback)
..\.venv\Lib\site-packages\starlette\_utils.py:87: in collapse_excgroups
    raise exc
..\.venv\Lib\site-packages\starlette\middleware\base.py:193: in __call__
    response = await self.dispatch_func(request, call_next)
               ^^^^^^^^^^^^^^^^^^^^^^^^^^^^^^^^^^^^^^^^^^^^
src\api\middleware\logging_middleware.py:20: in dispatch
    response = await call_next(request)
               ^^^^^^^^^^^^^^^^^^^^^^^^
..\.venv\Lib\site-packages\starlette\middleware\base.py:168: in call_next
    raise app_exc from app_exc.__cause__ or app_exc.__context__
..\.venv\Lib\site-packages\starlette\middleware\base.py:144: in coro
    await self.app(scope, receive_or_disconnect, send_no_error)
..\.venv\Lib\site-packages\starlette\middleware\exceptions.py:63: in __call__
    await wrap_app_handling_exceptions(self.app, conn)(scope, receive, send)
..\.venv\Lib\site-packages\starlette\_exception_handler.py:53: in wrapped_app
    raise exc
..\.venv\Lib\site-packages\starlette\_exception_handler.py:42: in wrapped_app
    await app(scope, receive, sender)
..\.venv\Lib\site-packages\fastapi\middleware\asyncexitstack.py:18: in __call__
    await self.app(scope, receive, send)
..\.venv\Lib\site-packages\starlette\routing.py:716: in __call__
    await self.middleware_stack(scope, receive, send)
..\.venv\Lib\site-packages\starlette\routing.py:736: in app
    await route.handle(scope, receive, send)
..\.venv\Lib\site-packages\starlette\routing.py:290: in handle
    await self.app(scope, receive, send)
..\.venv\Lib\site-packages\fastapi\routing.py:119: in app
    await wrap_app_handling_exceptions(app, request)(scope, receive, send)
..\.venv\Lib\site-packages\starlette\_exception_handler.py:53: in wrapped_app
    raise exc
..\.venv\Lib\site-packages\starlette\_exception_handler.py:42: in wrapped_app
    await app(scope, receive, sender)
..\.venv\Lib\site-packages\fastapi\routing.py:105: in app
    response = await f(request)
               ^^^^^^^^^^^^^^^^
..\.venv\Lib\site-packages\fastapi\routing.py:421: in app
    solved_result = await solve_dependencies(
..\.venv\Lib\site-packages\fastapi\dependencies\utils.py:645: in solve_dependencies
    solved = await call(**solved_result.values)
             ^^^^^^^^^^^^^^^^^^^^^^^^^^^^^^^^^^
src\core\deps.py:55: in get_current_user
    user = await UserRepository(db).get_by_id(UUID(user_id))
           ^^^^^^^^^^^^^^^^^^^^^^^^^^^^^^^^^^^^^^^^^^^^^^^^^
src\repositories\base_repository.py:22: in get_by_id
    result = await self._session.execute(stmt)
             ^^^^^^^^^^^^^^^^^^^^^^^^^^^^^^^^^
..\.venv\Lib\site-packages\sqlalchemy\ext\asyncio\session.py:449: in execute
    result = await greenlet_spawn(
..\.venv\Lib\site-packages\sqlalchemy\util\_concurrency_py3k.py:201: in greenlet_spawn
    result = context.throw(*sys.exc_info())
             ^^^^^^^^^^^^^^^^^^^^^^^^^^^^^^
..\.venv\Lib\site-packages\sqlalchemy\orm\session.py:2351: in execute
    return self._execute_internal(
..\.venv\Lib\site-packages\sqlalchemy\orm\session.py:2249: in _execute_internal
    result: Result[Any] = compile_state_cls.orm_execute_statement(
..\.venv\Lib\site-packages\sqlalchemy\orm\context.py:306: in orm_execute_statement
    result = conn.execute(
..\.venv\Lib\site-packages\sqlalchemy\engine\base.py:1419: in execute
    return meth(
..\.venv\Lib\site-packages\sqlalchemy\sql\elements.py:527: in _execute_on_connection
    return connection._execute_clauseelement(
..\.venv\Lib\site-packages\sqlalchemy\engine\base.py:1641: in _execute_clauseelement
    ret = self._execute_context(
..\.venv\Lib\site-packages\sqlalchemy\engine\base.py:1846: in _execute_context
    return self._exec_single_context(
..\.venv\Lib\site-packages\sqlalchemy\engine\base.py:1986: in _exec_single_context
    self._handle_dbapi_exception(
..\.venv\Lib\site-packages\sqlalchemy\engine\base.py:2363: in _handle_dbapi_exception
    raise sqlalchemy_exception.with_traceback(exc_info[2]) from e
..\.venv\Lib\site-packages\sqlalchemy\engine\base.py:1967: in _exec_single_context
    self.dialect.do_execute(
..\.venv\Lib\site-packages\sqlalchemy\engine\default.py:952: in do_execute
    cursor.execute(statement, parameters)
..\.venv\Lib\site-packages\sqlalchemy\dialects\postgresql\asyncpg.py:585: in execute
    self._adapt_connection.await_(
..\.venv\Lib\site-packages\sqlalchemy\util\_concurrency_py3k.py:132: in await_only
    return current.parent.switch(awaitable)  # type: ignore[no-any-return,attr-defined] # noqa: E501
           ^^^^^^^^^^^^^^^^^^^^^^^^^^^^^^^^
..\.venv\Lib\site-packages\sqlalchemy\util\_concurrency_py3k.py:196: in greenlet_spawn
    value = await result
            ^^^^^^^^^^^^
..\.venv\Lib\site-packages\sqlalchemy\dialects\postgresql\asyncpg.py:563: in _prepare_and_execute
    self._handle_exception(error)
..\.venv\Lib\site-packages\sqlalchemy\dialects\postgresql\asyncpg.py:513: in _handle_exception
    self._adapt_connection._handle_exception(error)
..\.venv\Lib\site-packages\sqlalchemy\dialects\postgresql\asyncpg.py:797: in _handle_exception
    raise translated_error from error
E   sqlalchemy.exc.ProgrammingError: (sqlalchemy.dialects.postgresql.asyncpg.ProgrammingError) <class 'asyncpg.exceptions.UndefinedTableError'>: relation "users" does not exist
E   [SQL: SELECT users.email, users.hashed_password, users.full_name, users.role, users.is_active, users.must_change_password, users.id, users.created_at, users.updated_at, users.deleted_at 
E   FROM users 
E   WHERE users.id = $1::UUID AND users.deleted_at IS NULL]
E   [parameters: (UUID('c5c11733-5c34-4ee6-afce-0c2dd19e2cb3'),)]
E   (Background on this error at: https://sqlalche.me/e/20/f405)
---------------------------- Captured stdout call -----------------------------
{"method": "POST", "path": "/api/v1/auth/login", "status_code": 200, "duration_ms": 220.43, "event": "request_completed", "request_id": "8d3e998b-bb36-4192-9e5d-d5d903d1ff76", "level": "info", "timestamp": "2026-02-27T17:53:01.791839Z"}
{"method": "POST", "path": "/api/v1/auth/change-password", "exc_info": true, "event": "unhandled_exception", "request_id": "b835b378-2b77-4453-882d-ec7c9f822c8f", "level": "error", "timestamp": "2026-02-27T17:53:01.826524Z"}
{"method": "POST", "path": "/api/v1/auth/change-password", "status_code": 500, "duration_ms": 32.82, "event": "request_completed", "request_id": "b835b378-2b77-4453-882d-ec7c9f822c8f", "level": "info", "timestamp": "2026-02-27T17:53:01.826524Z"}
____________ TestPasswordReset.test_change_password_wrong_current _____________
C:\Users\moham\AppData\Local\Programs\Python\Python311\Lib\asyncio\base_events.py:761: in call_soon
    self._check_closed()
C:\Users\moham\AppData\Local\Programs\Python\Python311\Lib\asyncio\base_events.py:519: in _check_closed
    raise RuntimeError('Event loop is closed')
E   RuntimeError: Event loop is closed

The above exception was the direct cause of the following exception:
tests\integration\test_auth_password.py:50: in test_change_password_wrong_current
    resp = await client.post(
..\.venv\Lib\site-packages\httpx\_client.py:1859: in post
    return await self.request(
..\.venv\Lib\site-packages\httpx\_client.py:1540: in request
    return await self.send(request, auth=auth, follow_redirects=follow_redirects)
           ^^^^^^^^^^^^^^^^^^^^^^^^^^^^^^^^^^^^^^^^^^^^^^^^^^^^^^^^^^^^^^^^^^^^^^
..\.venv\Lib\site-packages\httpx\_client.py:1629: in send
    response = await self._send_handling_auth(
..\.venv\Lib\site-packages\httpx\_client.py:1657: in _send_handling_auth
    response = await self._send_handling_redirects(
..\.venv\Lib\site-packages\httpx\_client.py:1694: in _send_handling_redirects
    response = await self._send_single_request(request)
               ^^^^^^^^^^^^^^^^^^^^^^^^^^^^^^^^^^^^^^^^
..\.venv\Lib\site-packages\httpx\_client.py:1730: in _send_single_request
    response = await transport.handle_async_request(request)
               ^^^^^^^^^^^^^^^^^^^^^^^^^^^^^^^^^^^^^^^^^^^^^
..\.venv\Lib\site-packages\httpx\_transports\asgi.py:170: in handle_async_request
    await self.app(scope, receive, send)
..\.venv\Lib\site-packages\fastapi\applications.py:1160: in __call__
    await super().__call__(scope, receive, send)
..\.venv\Lib\site-packages\starlette\applications.py:107: in __call__
    await self.middleware_stack(scope, receive, send)
..\.venv\Lib\site-packages\starlette\middleware\errors.py:186: in __call__
    raise exc
..\.venv\Lib\site-packages\starlette\middleware\errors.py:164: in __call__
    await self.app(scope, receive, _send)
..\.venv\Lib\site-packages\starlette\middleware\cors.py:87: in __call__
    await self.app(scope, receive, send)
..\.venv\Lib\site-packages\starlette\middleware\base.py:191: in __call__
    with recv_stream, send_stream, collapse_excgroups():
C:\Users\moham\AppData\Local\Programs\Python\Python311\Lib\contextlib.py:158: in __exit__
    self.gen.throw(typ, value, traceback)
..\.venv\Lib\site-packages\starlette\_utils.py:87: in collapse_excgroups
    raise exc
..\.venv\Lib\site-packages\starlette\middleware\base.py:193: in __call__
    response = await self.dispatch_func(request, call_next)
               ^^^^^^^^^^^^^^^^^^^^^^^^^^^^^^^^^^^^^^^^^^^^
src\middleware\security_headers.py:84: in dispatch
    response = await call_next(request)
               ^^^^^^^^^^^^^^^^^^^^^^^^
..\.venv\Lib\site-packages\starlette\middleware\base.py:168: in call_next
    raise app_exc from app_exc.__cause__ or app_exc.__context__
..\.venv\Lib\site-packages\starlette\middleware\base.py:144: in coro
    await self.app(scope, receive_or_disconnect, send_no_error)
..\.venv\Lib\site-packages\starlette\middleware\base.py:191: in __call__
    with recv_stream, send_stream, collapse_excgroups():
C:\Users\moham\AppData\Local\Programs\Python\Python311\Lib\contextlib.py:158: in __exit__
    self.gen.throw(typ, value, traceback)
..\.venv\Lib\site-packages\starlette\_utils.py:87: in collapse_excgroups
    raise exc
..\.venv\Lib\site-packages\starlette\middleware\base.py:193: in __call__
    response = await self.dispatch_func(request, call_next)
               ^^^^^^^^^^^^^^^^^^^^^^^^^^^^^^^^^^^^^^^^^^^^
src\middleware\rate_limit.py:98: in dispatch
    response = await call_next(request)
               ^^^^^^^^^^^^^^^^^^^^^^^^
..\.venv\Lib\site-packages\starlette\middleware\base.py:168: in call_next
    raise app_exc from app_exc.__cause__ or app_exc.__context__
..\.venv\Lib\site-packages\starlette\middleware\base.py:144: in coro
    await self.app(scope, receive_or_disconnect, send_no_error)
..\.venv\Lib\site-packages\starlette\middleware\base.py:191: in __call__
    with recv_stream, send_stream, collapse_excgroups():
C:\Users\moham\AppData\Local\Programs\Python\Python311\Lib\contextlib.py:158: in __exit__
    self.gen.throw(typ, value, traceback)
..\.venv\Lib\site-packages\starlette\_utils.py:87: in collapse_excgroups
    raise exc
..\.venv\Lib\site-packages\starlette\middleware\base.py:193: in __call__
    response = await self.dispatch_func(request, call_next)
               ^^^^^^^^^^^^^^^^^^^^^^^^^^^^^^^^^^^^^^^^^^^^
src\api\middleware\logging_middleware.py:20: in dispatch
    response = await call_next(request)
               ^^^^^^^^^^^^^^^^^^^^^^^^
..\.venv\Lib\site-packages\starlette\middleware\base.py:168: in call_next
    raise app_exc from app_exc.__cause__ or app_exc.__context__
..\.venv\Lib\site-packages\starlette\middleware\base.py:144: in coro
    await self.app(scope, receive_or_disconnect, send_no_error)
..\.venv\Lib\site-packages\starlette\middleware\exceptions.py:63: in __call__
    await wrap_app_handling_exceptions(self.app, conn)(scope, receive, send)
..\.venv\Lib\site-packages\starlette\_exception_handler.py:53: in wrapped_app
    raise exc
..\.venv\Lib\site-packages\starlette\_exception_handler.py:42: in wrapped_app
    await app(scope, receive, sender)
..\.venv\Lib\site-packages\fastapi\middleware\asyncexitstack.py:18: in __call__
    await self.app(scope, receive, send)
..\.venv\Lib\site-packages\starlette\routing.py:716: in __call__
    await self.middleware_stack(scope, receive, send)
..\.venv\Lib\site-packages\starlette\routing.py:736: in app
    await route.handle(scope, receive, send)
..\.venv\Lib\site-packages\starlette\routing.py:290: in handle
    await self.app(scope, receive, send)
..\.venv\Lib\site-packages\fastapi\routing.py:119: in app
    await wrap_app_handling_exceptions(app, request)(scope, receive, send)
..\.venv\Lib\site-packages\starlette\_exception_handler.py:53: in wrapped_app
    raise exc
..\.venv\Lib\site-packages\starlette\_exception_handler.py:42: in wrapped_app
    await app(scope, receive, sender)
..\.venv\Lib\site-packages\fastapi\routing.py:105: in app
    response = await f(request)
               ^^^^^^^^^^^^^^^^
..\.venv\Lib\site-packages\fastapi\routing.py:421: in app
    solved_result = await solve_dependencies(
..\.venv\Lib\site-packages\fastapi\dependencies\utils.py:645: in solve_dependencies
    solved = await call(**solved_result.values)
             ^^^^^^^^^^^^^^^^^^^^^^^^^^^^^^^^^^
src\core\deps.py:55: in get_current_user
    user = await UserRepository(db).get_by_id(UUID(user_id))
           ^^^^^^^^^^^^^^^^^^^^^^^^^^^^^^^^^^^^^^^^^^^^^^^^^
src\repositories\base_repository.py:22: in get_by_id
    result = await self._session.execute(stmt)
             ^^^^^^^^^^^^^^^^^^^^^^^^^^^^^^^^^
..\.venv\Lib\site-packages\sqlalchemy\ext\asyncio\session.py:449: in execute
    result = await greenlet_spawn(
..\.venv\Lib\site-packages\sqlalchemy\util\_concurrency_py3k.py:201: in greenlet_spawn
    result = context.throw(*sys.exc_info())
             ^^^^^^^^^^^^^^^^^^^^^^^^^^^^^^
..\.venv\Lib\site-packages\sqlalchemy\orm\session.py:2351: in execute
    return self._execute_internal(
..\.venv\Lib\site-packages\sqlalchemy\orm\session.py:2239: in _execute_internal
    conn = self._connection_for_bind(bind)
           ^^^^^^^^^^^^^^^^^^^^^^^^^^^^^^^
..\.venv\Lib\site-packages\sqlalchemy\orm\session.py:2108: in _connection_for_bind
    return trans._connection_for_bind(engine, execution_options)
           ^^^^^^^^^^^^^^^^^^^^^^^^^^^^^^^^^^^^^^^^^^^^^^^^^^^^^
<string>:2: in _connection_for_bind
    ???
..\.venv\Lib\site-packages\sqlalchemy\orm\state_changes.py:137: in _go
    ret_value = fn(self, *arg, **kw)
                ^^^^^^^^^^^^^^^^^^^^
..\.venv\Lib\site-packages\sqlalchemy\orm\session.py:1187: in _connection_for_bind
    conn = bind.connect()
           ^^^^^^^^^^^^^^
..\.venv\Lib\site-packages\sqlalchemy\engine\base.py:3293: in connect
    return self._connection_cls(self)
           ^^^^^^^^^^^^^^^^^^^^^^^^^^
..\.venv\Lib\site-packages\sqlalchemy\engine\base.py:143: in __init__
    self._dbapi_connection = engine.raw_connection()
                             ^^^^^^^^^^^^^^^^^^^^^^^
..\.venv\Lib\site-packages\sqlalchemy\engine\base.py:3317: in raw_connection
    return self.pool.connect()
           ^^^^^^^^^^^^^^^^^^^
..\.venv\Lib\site-packages\sqlalchemy\pool\base.py:448: in connect
    return _ConnectionFairy._checkout(self)
           ^^^^^^^^^^^^^^^^^^^^^^^^^^^^^^^^
..\.venv\Lib\site-packages\sqlalchemy\pool\base.py:1371: in _checkout
    with util.safe_reraise():
..\.venv\Lib\site-packages\sqlalchemy\util\langhelpers.py:121: in __exit__
    raise exc_value.with_traceback(exc_tb)
..\.venv\Lib\site-packages\sqlalchemy\pool\base.py:1309: in _checkout
    result = pool._dialect._do_ping_w_event(
..\.venv\Lib\site-packages\sqlalchemy\engine\default.py:729: in _do_ping_w_event
    return self.do_ping(dbapi_connection)
           ^^^^^^^^^^^^^^^^^^^^^^^^^^^^^^
..\.venv\Lib\site-packages\sqlalchemy\dialects\postgresql\asyncpg.py:1160: in do_ping
    dbapi_connection.ping()
..\.venv\Lib\site-packages\sqlalchemy\dialects\postgresql\asyncpg.py:818: in ping
    self._handle_exception(error)
..\.venv\Lib\site-packages\sqlalchemy\dialects\postgresql\asyncpg.py:799: in _handle_exception
    raise error
..\.venv\Lib\site-packages\sqlalchemy\dialects\postgresql\asyncpg.py:816: in ping
    _ = self.await_(self._async_ping())
        ^^^^^^^^^^^^^^^^^^^^^^^^^^^^^^^
..\.venv\Lib\site-packages\sqlalchemy\util\_concurrency_py3k.py:132: in await_only
    return current.parent.switch(awaitable)  # type: ignore[no-any-return,attr-defined] # noqa: E501
           ^^^^^^^^^^^^^^^^^^^^^^^^^^^^^^^^
..\.venv\Lib\site-packages\sqlalchemy\util\_concurrency_py3k.py:196: in greenlet_spawn
    value = await result
            ^^^^^^^^^^^^
..\.venv\Lib\site-packages\sqlalchemy\dialects\postgresql\asyncpg.py:825: in _async_ping
    await tr.start()
..\.venv\Lib\site-packages\asyncpg\transaction.py:146: in start
    await self._connection.execute(query)
..\.venv\Lib\site-packages\asyncpg\connection.py:354: in execute
    result = await self._protocol.query(query, timeout)
             ^^^^^^^^^^^^^^^^^^^^^^^^^^^^^^^^^^^^^^^^^^
asyncpg/protocol/protocol.pyx:369: in query
    ???
asyncpg/protocol/protocol.pyx:362: in asyncpg.protocol.protocol.BaseProtocol.query
    ???
asyncpg/protocol/coreproto.pyx:1174: in asyncpg.protocol.protocol.CoreProtocol._simple_query
    ???
asyncpg/protocol/protocol.pyx:956: in asyncpg.protocol.protocol.BaseProtocol._write
    ???
C:\Users\moham\AppData\Local\Programs\Python\Python311\Lib\asyncio\proactor_events.py:365: in write
    self._loop_writing(data=bytes(data))
C:\Users\moham\AppData\Local\Programs\Python\Python311\Lib\asyncio\proactor_events.py:401: in _loop_writing
    self._write_fut = self._loop._proactor.send(self._sock, data)
                      ^^^^^^^^^^^^^^^^^^^^^^^^^
E   AttributeError: 'NoneType' object has no attribute 'send'
---------------------------- Captured stdout call -----------------------------
{"method": "POST", "path": "/api/v1/auth/login", "status_code": 200, "duration_ms": 221.08, "event": "request_completed", "request_id": "521ed615-130e-4a16-adea-13fdbcc857e6", "level": "info", "timestamp": "2026-02-27T17:53:03.111256Z"}
{"method": "POST", "path": "/api/v1/auth/change-password", "exc_info": true, "event": "unhandled_exception", "request_id": "c8890805-9a9c-460f-84a8-200865d990a2", "level": "error", "timestamp": "2026-02-27T17:53:03.129210Z"}
{"method": "POST", "path": "/api/v1/auth/change-password", "status_code": 500, "duration_ms": 16.78, "event": "request_completed", "request_id": "c8890805-9a9c-460f-84a8-200865d990a2", "level": "info", "timestamp": "2026-02-27T17:53:03.129210Z"}
------------------------------ Captured log call ------------------------------
ERROR    sqlalchemy.pool.impl.AsyncAdaptedQueuePool:base.py:377 Exception terminating connection <AdaptedConnection <asyncpg.connection.Connection object at 0x00000222D3F0E890>>
Traceback (most recent call last):
  File "D:\Projects\Internal Knowledge AI Agent\.venv\Lib\site-packages\sqlalchemy\pool\base.py", line 373, in _close_connection
    self._dialect.do_terminate(connection)
  File "D:\Projects\Internal Knowledge AI Agent\.venv\Lib\site-packages\sqlalchemy\dialects\postgresql\asyncpg.py", line 1127, in do_terminate
    dbapi_connection.terminate()
  File "D:\Projects\Internal Knowledge AI Agent\.venv\Lib\site-packages\sqlalchemy\connectors\asyncio.py", line 402, in terminate
    self.await_(asyncio.shield(self._terminate_graceful_close()))  # type: ignore[attr-defined] # noqa: E501
    ^^^^^^^^^^^^^^^^^^^^^^^^^^^^^^^^^^^^^^^^^^^^^^^^^^^^^^^^^^^^^
  File "D:\Projects\Internal Knowledge AI Agent\.venv\Lib\site-packages\sqlalchemy\util\_concurrency_py3k.py", line 132, in await_only
    return current.parent.switch(awaitable)  # type: ignore[no-any-return,attr-defined] # noqa: E501
           ^^^^^^^^^^^^^^^^^^^^^^^^^^^^^^^^
  File "D:\Projects\Internal Knowledge AI Agent\.venv\Lib\site-packages\sqlalchemy\util\_concurrency_py3k.py", line 196, in greenlet_spawn
    value = await result
            ^^^^^^^^^^^^
  File "D:\Projects\Internal Knowledge AI Agent\.venv\Lib\site-packages\sqlalchemy\dialects\postgresql\asyncpg.py", line 912, in _terminate_graceful_close
    await self._connection.close(timeout=2)
  File "D:\Projects\Internal Knowledge AI Agent\.venv\Lib\site-packages\asyncpg\connection.py", line 1513, in close
    await self._protocol.close(timeout)
  File "asyncpg/protocol/protocol.pyx", line 617, in close
  File "asyncpg/protocol/protocol.pyx", line 650, in asyncpg.protocol.protocol.BaseProtocol._request_cancel
  File "D:\Projects\Internal Knowledge AI Agent\.venv\Lib\site-packages\asyncpg\connection.py", line 1682, in _cancel_current_command
    self._cancellations.add(self._loop.create_task(self._cancel(waiter)))
                            ^^^^^^^^^^^^^^^^^^^^^^^^^^^^^^^^^^^^^^^^^^^^
  File "C:\Users\moham\AppData\Local\Programs\Python\Python311\Lib\asyncio\base_events.py", line 434, in create_task
    self._check_closed()
  File "C:\Users\moham\AppData\Local\Programs\Python\Python311\Lib\asyncio\base_events.py", line 519, in _check_closed
    raise RuntimeError('Event loop is closed')
RuntimeError: Event loop is closed
________________ TestInvitationSetup.test_setup_invalid_token _________________
tests\integration\test_auth_password.py:65: in test_setup_invalid_token
    assert resp.status_code == 400
E   assert 404 == 400
E    +  where 404 = <Response [404 Not Found]>.status_code
---------------------------- Captured stdout call -----------------------------
{"method": "POST", "path": "/api/v1/auth/setup", "status_code": 404, "duration_ms": 28.77, "event": "request_completed", "request_id": "c9bf6434-f44b-4e4f-99f9-3ed1b9e18f33", "level": "info", "timestamp": "2026-02-27T17:53:03.832952Z"}
------------------------------ Captured log call ------------------------------
WARNING  src.api.middleware.error_handler:error_handler.py:53 AppError [not_found]: Invitation not found.
________________ TestInvitationSetup.test_setup_weak_password _________________
..\.venv\Lib\site-packages\sqlalchemy\dialects\postgresql\asyncpg.py:550: in _prepare_and_execute
    self._rows = deque(await prepared_stmt.fetch(*parameters))
                       ^^^^^^^^^^^^^^^^^^^^^^^^^^^^^^^^^^^^^^
..\.venv\Lib\site-packages\asyncpg\prepared_stmt.py:177: in fetch
    data = await self.__bind_execute(args, 0, timeout)
           ^^^^^^^^^^^^^^^^^^^^^^^^^^^^^^^^^^^^^^^^^^^
..\.venv\Lib\site-packages\asyncpg\prepared_stmt.py:268: in __bind_execute
    data, status, _ = await self.__do_execute(
..\.venv\Lib\site-packages\asyncpg\prepared_stmt.py:257: in __do_execute
    return await executor(protocol)
           ^^^^^^^^^^^^^^^^^^^^^^^^
asyncpg/protocol/protocol.pyx:205: in bind_execute
    ???
E   asyncpg.exceptions.StringDataRightTruncationError: value too long for type character varying(36)

The above exception was the direct cause of the following exception:
..\.venv\Lib\site-packages\sqlalchemy\engine\base.py:1967: in _exec_single_context
    self.dialect.do_execute(
..\.venv\Lib\site-packages\sqlalchemy\engine\default.py:952: in do_execute
    cursor.execute(statement, parameters)
..\.venv\Lib\site-packages\sqlalchemy\dialects\postgresql\asyncpg.py:585: in execute
    self._adapt_connection.await_(
..\.venv\Lib\site-packages\sqlalchemy\util\_concurrency_py3k.py:132: in await_only
    return current.parent.switch(awaitable)  # type: ignore[no-any-return,attr-defined] # noqa: E501
           ^^^^^^^^^^^^^^^^^^^^^^^^^^^^^^^^
..\.venv\Lib\site-packages\sqlalchemy\util\_concurrency_py3k.py:196: in greenlet_spawn
    value = await result
            ^^^^^^^^^^^^
..\.venv\Lib\site-packages\sqlalchemy\dialects\postgresql\asyncpg.py:563: in _prepare_and_execute
    self._handle_exception(error)
..\.venv\Lib\site-packages\sqlalchemy\dialects\postgresql\asyncpg.py:513: in _handle_exception
    self._adapt_connection._handle_exception(error)
..\.venv\Lib\site-packages\sqlalchemy\dialects\postgresql\asyncpg.py:797: in _handle_exception
    raise translated_error from error
E   sqlalchemy.dialects.postgresql.asyncpg.AsyncAdapt_asyncpg_dbapi.Error: <class 'asyncpg.exceptions.StringDataRightTruncationError'>: value too long for type character varying(36)

The above exception was the direct cause of the following exception:
tests\integration\test_auth_password.py:77: in test_setup_weak_password
    await db_session.flush()
..\.venv\Lib\site-packages\sqlalchemy\ext\asyncio\session.py:787: in flush
    await greenlet_spawn(self.sync_session.flush, objects=objects)
..\.venv\Lib\site-packages\sqlalchemy\util\_concurrency_py3k.py:203: in greenlet_spawn
    result = context.switch(value)
             ^^^^^^^^^^^^^^^^^^^^^
..\.venv\Lib\site-packages\sqlalchemy\orm\session.py:4331: in flush
    self._flush(objects)
..\.venv\Lib\site-packages\sqlalchemy\orm\session.py:4466: in _flush
    with util.safe_reraise():
..\.venv\Lib\site-packages\sqlalchemy\util\langhelpers.py:121: in __exit__
    raise exc_value.with_traceback(exc_tb)
..\.venv\Lib\site-packages\sqlalchemy\orm\session.py:4427: in _flush
    flush_context.execute()
..\.venv\Lib\site-packages\sqlalchemy\orm\unitofwork.py:466: in execute
    rec.execute(self)
..\.venv\Lib\site-packages\sqlalchemy\orm\unitofwork.py:642: in execute
    util.preloaded.orm_persistence.save_obj(
..\.venv\Lib\site-packages\sqlalchemy\orm\persistence.py:93: in save_obj
    _emit_insert_statements(
..\.venv\Lib\site-packages\sqlalchemy\orm\persistence.py:1233: in _emit_insert_statements
    result = connection.execute(
..\.venv\Lib\site-packages\sqlalchemy\engine\base.py:1419: in execute
    return meth(
..\.venv\Lib\site-packages\sqlalchemy\sql\elements.py:527: in _execute_on_connection
    return connection._execute_clauseelement(
..\.venv\Lib\site-packages\sqlalchemy\engine\base.py:1641: in _execute_clauseelement
    ret = self._execute_context(
..\.venv\Lib\site-packages\sqlalchemy\engine\base.py:1846: in _execute_context
    return self._exec_single_context(
..\.venv\Lib\site-packages\sqlalchemy\engine\base.py:1986: in _exec_single_context
    self._handle_dbapi_exception(
..\.venv\Lib\site-packages\sqlalchemy\engine\base.py:2363: in _handle_dbapi_exception
    raise sqlalchemy_exception.with_traceback(exc_info[2]) from e
..\.venv\Lib\site-packages\sqlalchemy\engine\base.py:1967: in _exec_single_context
    self.dialect.do_execute(
..\.venv\Lib\site-packages\sqlalchemy\engine\default.py:952: in do_execute
    cursor.execute(statement, parameters)
..\.venv\Lib\site-packages\sqlalchemy\dialects\postgresql\asyncpg.py:585: in execute
    self._adapt_connection.await_(
..\.venv\Lib\site-packages\sqlalchemy\util\_concurrency_py3k.py:132: in await_only
    return current.parent.switch(awaitable)  # type: ignore[no-any-return,attr-defined] # noqa: E501
           ^^^^^^^^^^^^^^^^^^^^^^^^^^^^^^^^
..\.venv\Lib\site-packages\sqlalchemy\util\_concurrency_py3k.py:196: in greenlet_spawn
    value = await result
            ^^^^^^^^^^^^
..\.venv\Lib\site-packages\sqlalchemy\dialects\postgresql\asyncpg.py:563: in _prepare_and_execute
    self._handle_exception(error)
..\.venv\Lib\site-packages\sqlalchemy\dialects\postgresql\asyncpg.py:513: in _handle_exception
    self._adapt_connection._handle_exception(error)
..\.venv\Lib\site-packages\sqlalchemy\dialects\postgresql\asyncpg.py:797: in _handle_exception
    raise translated_error from error
E   sqlalchemy.exc.DBAPIError: (sqlalchemy.dialects.postgresql.asyncpg.Error) <class 'asyncpg.exceptions.StringDataRightTruncationError'>: value too long for type character varying(36)
E   [SQL: INSERT INTO invitations (email, token, invited_by, role, expires_at, accepted_at, id) VALUES ($1::VARCHAR, $2::VARCHAR, $3::UUID, $4::userrole, $5::TIMESTAMP WITH TIME ZONE, $6::TIMESTAMP WITH TIME ZONE, $7::UUID) RETURNING invitations.created_at, invitations.updated_at]
E   [parameters: ('newuser@example.com', 'RmxqEXUK4q6ZDGAW4v7JQa-8vOSLz2B95BjR0wjYZ7s', None, 'user', datetime.datetime(2026, 3, 6, 17, 53, 4, 187880, tzinfo=datetime.timezone.utc), None, UUID('8ce9cbd4-5795-4d34-b863-30a6a75383c4'))]
E   (Background on this error at: https://sqlalche.me/e/20/dbapi)
___________________ TestRefreshLogout.test_refresh_success ____________________
tests\integration\test_auth_refresh_logout.py:17: in test_refresh_success
    assert resp.status_code == 200
E   assert 401 == 200
E    +  where 401 = <Response [401 Unauthorized]>.status_code
---------------------------- Captured stdout call -----------------------------
{"method": "POST", "path": "/api/v1/auth/login", "status_code": 200, "duration_ms": 222.33, "event": "request_completed", "request_id": "e003e1c8-aa6b-4e3d-b976-8410cb82bc1b", "level": "info", "timestamp": "2026-02-27T17:53:05.124466Z"}
{"method": "POST", "path": "/api/v1/auth/refresh", "status_code": 401, "duration_ms": 1.46, "event": "request_completed", "request_id": "8f320a10-08f8-4586-8397-17b8eaa32f26", "level": "info", "timestamp": "2026-02-27T17:53:05.124466Z"}
------------------------------ Captured log call ------------------------------
WARNING  src.api.middleware.error_handler:error_handler.py:53 AppError [unauthorized]: Missing refresh token cookie
_________________ TestRefreshLogout.test_logout_clears_cookie _________________
..\.venv\Lib\site-packages\sqlalchemy\dialects\postgresql\asyncpg.py:526: in _prepare_and_execute
    prepared_stmt, attributes = await adapt_connection._prepare(
..\.venv\Lib\site-packages\sqlalchemy\dialects\postgresql\asyncpg.py:773: in _prepare
    prepared_stmt = await self._connection.prepare(
..\.venv\Lib\site-packages\asyncpg\connection.py:638: in prepare
    return await self._prepare(
..\.venv\Lib\site-packages\asyncpg\connection.py:657: in _prepare
    stmt = await self._get_statement(
..\.venv\Lib\site-packages\asyncpg\connection.py:443: in _get_statement
    statement = await self._protocol.prepare(
asyncpg/protocol/protocol.pyx:165: in prepare
    ???
E   asyncpg.exceptions.UndefinedTableError: relation "users" does not exist

The above exception was the direct cause of the following exception:
..\.venv\Lib\site-packages\sqlalchemy\engine\base.py:1967: in _exec_single_context
    self.dialect.do_execute(
..\.venv\Lib\site-packages\sqlalchemy\engine\default.py:952: in do_execute
    cursor.execute(statement, parameters)
..\.venv\Lib\site-packages\sqlalchemy\dialects\postgresql\asyncpg.py:585: in execute
    self._adapt_connection.await_(
..\.venv\Lib\site-packages\sqlalchemy\util\_concurrency_py3k.py:132: in await_only
    return current.parent.switch(awaitable)  # type: ignore[no-any-return,attr-defined] # noqa: E501
           ^^^^^^^^^^^^^^^^^^^^^^^^^^^^^^^^
..\.venv\Lib\site-packages\sqlalchemy\util\_concurrency_py3k.py:196: in greenlet_spawn
    value = await result
            ^^^^^^^^^^^^
..\.venv\Lib\site-packages\sqlalchemy\dialects\postgresql\asyncpg.py:563: in _prepare_and_execute
    self._handle_exception(error)
..\.venv\Lib\site-packages\sqlalchemy\dialects\postgresql\asyncpg.py:513: in _handle_exception
    self._adapt_connection._handle_exception(error)
..\.venv\Lib\site-packages\sqlalchemy\dialects\postgresql\asyncpg.py:797: in _handle_exception
    raise translated_error from error
E   sqlalchemy.dialects.postgresql.asyncpg.AsyncAdapt_asyncpg_dbapi.ProgrammingError: <class 'asyncpg.exceptions.UndefinedTableError'>: relation "users" does not exist

The above exception was the direct cause of the following exception:
tests\integration\test_auth_refresh_logout.py:26: in test_logout_clears_cookie
    resp = await client.post(
..\.venv\Lib\site-packages\httpx\_client.py:1859: in post
    return await self.request(
..\.venv\Lib\site-packages\httpx\_client.py:1540: in request
    return await self.send(request, auth=auth, follow_redirects=follow_redirects)
           ^^^^^^^^^^^^^^^^^^^^^^^^^^^^^^^^^^^^^^^^^^^^^^^^^^^^^^^^^^^^^^^^^^^^^^
..\.venv\Lib\site-packages\httpx\_client.py:1629: in send
    response = await self._send_handling_auth(
..\.venv\Lib\site-packages\httpx\_client.py:1657: in _send_handling_auth
    response = await self._send_handling_redirects(
..\.venv\Lib\site-packages\httpx\_client.py:1694: in _send_handling_redirects
    response = await self._send_single_request(request)
               ^^^^^^^^^^^^^^^^^^^^^^^^^^^^^^^^^^^^^^^^
..\.venv\Lib\site-packages\httpx\_client.py:1730: in _send_single_request
    response = await transport.handle_async_request(request)
               ^^^^^^^^^^^^^^^^^^^^^^^^^^^^^^^^^^^^^^^^^^^^^
..\.venv\Lib\site-packages\httpx\_transports\asgi.py:170: in handle_async_request
    await self.app(scope, receive, send)
..\.venv\Lib\site-packages\fastapi\applications.py:1160: in __call__
    await super().__call__(scope, receive, send)
..\.venv\Lib\site-packages\starlette\applications.py:107: in __call__
    await self.middleware_stack(scope, receive, send)
..\.venv\Lib\site-packages\starlette\middleware\errors.py:186: in __call__
    raise exc
..\.venv\Lib\site-packages\starlette\middleware\errors.py:164: in __call__
    await self.app(scope, receive, _send)
..\.venv\Lib\site-packages\starlette\middleware\cors.py:87: in __call__
    await self.app(scope, receive, send)
..\.venv\Lib\site-packages\starlette\middleware\base.py:191: in __call__
    with recv_stream, send_stream, collapse_excgroups():
C:\Users\moham\AppData\Local\Programs\Python\Python311\Lib\contextlib.py:158: in __exit__
    self.gen.throw(typ, value, traceback)
..\.venv\Lib\site-packages\starlette\_utils.py:87: in collapse_excgroups
    raise exc
..\.venv\Lib\site-packages\starlette\middleware\base.py:193: in __call__
    response = await self.dispatch_func(request, call_next)
               ^^^^^^^^^^^^^^^^^^^^^^^^^^^^^^^^^^^^^^^^^^^^
src\middleware\security_headers.py:84: in dispatch
    response = await call_next(request)
               ^^^^^^^^^^^^^^^^^^^^^^^^
..\.venv\Lib\site-packages\starlette\middleware\base.py:168: in call_next
    raise app_exc from app_exc.__cause__ or app_exc.__context__
..\.venv\Lib\site-packages\starlette\middleware\base.py:144: in coro
    await self.app(scope, receive_or_disconnect, send_no_error)
..\.venv\Lib\site-packages\starlette\middleware\base.py:191: in __call__
    with recv_stream, send_stream, collapse_excgroups():
C:\Users\moham\AppData\Local\Programs\Python\Python311\Lib\contextlib.py:158: in __exit__
    self.gen.throw(typ, value, traceback)
..\.venv\Lib\site-packages\starlette\_utils.py:87: in collapse_excgroups
    raise exc
..\.venv\Lib\site-packages\starlette\middleware\base.py:193: in __call__
    response = await self.dispatch_func(request, call_next)
               ^^^^^^^^^^^^^^^^^^^^^^^^^^^^^^^^^^^^^^^^^^^^
src\middleware\rate_limit.py:98: in dispatch
    response = await call_next(request)
               ^^^^^^^^^^^^^^^^^^^^^^^^
..\.venv\Lib\site-packages\starlette\middleware\base.py:168: in call_next
    raise app_exc from app_exc.__cause__ or app_exc.__context__
..\.venv\Lib\site-packages\starlette\middleware\base.py:144: in coro
    await self.app(scope, receive_or_disconnect, send_no_error)
..\.venv\Lib\site-packages\starlette\middleware\base.py:191: in __call__
    with recv_stream, send_stream, collapse_excgroups():
C:\Users\moham\AppData\Local\Programs\Python\Python311\Lib\contextlib.py:158: in __exit__
    self.gen.throw(typ, value, traceback)
..\.venv\Lib\site-packages\starlette\_utils.py:87: in collapse_excgroups
    raise exc
..\.venv\Lib\site-packages\starlette\middleware\base.py:193: in __call__
    response = await self.dispatch_func(request, call_next)
               ^^^^^^^^^^^^^^^^^^^^^^^^^^^^^^^^^^^^^^^^^^^^
src\api\middleware\logging_middleware.py:20: in dispatch
    response = await call_next(request)
               ^^^^^^^^^^^^^^^^^^^^^^^^
..\.venv\Lib\site-packages\starlette\middleware\base.py:168: in call_next
    raise app_exc from app_exc.__cause__ or app_exc.__context__
..\.venv\Lib\site-packages\starlette\middleware\base.py:144: in coro
    await self.app(scope, receive_or_disconnect, send_no_error)
..\.venv\Lib\site-packages\starlette\middleware\exceptions.py:63: in __call__
    await wrap_app_handling_exceptions(self.app, conn)(scope, receive, send)
..\.venv\Lib\site-packages\starlette\_exception_handler.py:53: in wrapped_app
    raise exc
..\.venv\Lib\site-packages\starlette\_exception_handler.py:42: in wrapped_app
    await app(scope, receive, sender)
..\.venv\Lib\site-packages\fastapi\middleware\asyncexitstack.py:18: in __call__
    await self.app(scope, receive, send)
..\.venv\Lib\site-packages\starlette\routing.py:716: in __call__
    await self.middleware_stack(scope, receive, send)
..\.venv\Lib\site-packages\starlette\routing.py:736: in app
    await route.handle(scope, receive, send)
..\.venv\Lib\site-packages\starlette\routing.py:290: in handle
    await self.app(scope, receive, send)
..\.venv\Lib\site-packages\fastapi\routing.py:119: in app
    await wrap_app_handling_exceptions(app, request)(scope, receive, send)
..\.venv\Lib\site-packages\starlette\_exception_handler.py:53: in wrapped_app
    raise exc
..\.venv\Lib\site-packages\starlette\_exception_handler.py:42: in wrapped_app
    await app(scope, receive, sender)
..\.venv\Lib\site-packages\fastapi\routing.py:105: in app
    response = await f(request)
               ^^^^^^^^^^^^^^^^
..\.venv\Lib\site-packages\fastapi\routing.py:421: in app
    solved_result = await solve_dependencies(
..\.venv\Lib\site-packages\fastapi\dependencies\utils.py:645: in solve_dependencies
    solved = await call(**solved_result.values)
             ^^^^^^^^^^^^^^^^^^^^^^^^^^^^^^^^^^
src\core\deps.py:55: in get_current_user
    user = await UserRepository(db).get_by_id(UUID(user_id))
           ^^^^^^^^^^^^^^^^^^^^^^^^^^^^^^^^^^^^^^^^^^^^^^^^^
src\repositories\base_repository.py:22: in get_by_id
    result = await self._session.execute(stmt)
             ^^^^^^^^^^^^^^^^^^^^^^^^^^^^^^^^^
..\.venv\Lib\site-packages\sqlalchemy\ext\asyncio\session.py:449: in execute
    result = await greenlet_spawn(
..\.venv\Lib\site-packages\sqlalchemy\util\_concurrency_py3k.py:201: in greenlet_spawn
    result = context.throw(*sys.exc_info())
             ^^^^^^^^^^^^^^^^^^^^^^^^^^^^^^
..\.venv\Lib\site-packages\sqlalchemy\orm\session.py:2351: in execute
    return self._execute_internal(
..\.venv\Lib\site-packages\sqlalchemy\orm\session.py:2249: in _execute_internal
    result: Result[Any] = compile_state_cls.orm_execute_statement(
..\.venv\Lib\site-packages\sqlalchemy\orm\context.py:306: in orm_execute_statement
    result = conn.execute(
..\.venv\Lib\site-packages\sqlalchemy\engine\base.py:1419: in execute
    return meth(
..\.venv\Lib\site-packages\sqlalchemy\sql\elements.py:527: in _execute_on_connection
    return connection._execute_clauseelement(
..\.venv\Lib\site-packages\sqlalchemy\engine\base.py:1641: in _execute_clauseelement
    ret = self._execute_context(
..\.venv\Lib\site-packages\sqlalchemy\engine\base.py:1846: in _execute_context
    return self._exec_single_context(
..\.venv\Lib\site-packages\sqlalchemy\engine\base.py:1986: in _exec_single_context
    self._handle_dbapi_exception(
..\.venv\Lib\site-packages\sqlalchemy\engine\base.py:2363: in _handle_dbapi_exception
    raise sqlalchemy_exception.with_traceback(exc_info[2]) from e
..\.venv\Lib\site-packages\sqlalchemy\engine\base.py:1967: in _exec_single_context
    self.dialect.do_execute(
..\.venv\Lib\site-packages\sqlalchemy\engine\default.py:952: in do_execute
    cursor.execute(statement, parameters)
..\.venv\Lib\site-packages\sqlalchemy\dialects\postgresql\asyncpg.py:585: in execute
    self._adapt_connection.await_(
..\.venv\Lib\site-packages\sqlalchemy\util\_concurrency_py3k.py:132: in await_only
    return current.parent.switch(awaitable)  # type: ignore[no-any-return,attr-defined] # noqa: E501
           ^^^^^^^^^^^^^^^^^^^^^^^^^^^^^^^^
..\.venv\Lib\site-packages\sqlalchemy\util\_concurrency_py3k.py:196: in greenlet_spawn
    value = await result
            ^^^^^^^^^^^^
..\.venv\Lib\site-packages\sqlalchemy\dialects\postgresql\asyncpg.py:563: in _prepare_and_execute
    self._handle_exception(error)
..\.venv\Lib\site-packages\sqlalchemy\dialects\postgresql\asyncpg.py:513: in _handle_exception
    self._adapt_connection._handle_exception(error)
..\.venv\Lib\site-packages\sqlalchemy\dialects\postgresql\asyncpg.py:797: in _handle_exception
    raise translated_error from error
E   sqlalchemy.exc.ProgrammingError: (sqlalchemy.dialects.postgresql.asyncpg.ProgrammingError) <class 'asyncpg.exceptions.UndefinedTableError'>: relation "users" does not exist
E   [SQL: SELECT users.email, users.hashed_password, users.full_name, users.role, users.is_active, users.must_change_password, users.id, users.created_at, users.updated_at, users.deleted_at 
E   FROM users 
E   WHERE users.id = $1::UUID AND users.deleted_at IS NULL]
E   [parameters: (UUID('7bf62c54-d2bc-4d5d-882b-9ed9ad64a4b5'),)]
E   (Background on this error at: https://sqlalche.me/e/20/f405)
---------------------------- Captured stdout call -----------------------------
{"method": "POST", "path": "/api/v1/auth/login", "status_code": 200, "duration_ms": 216.84, "event": "request_completed", "request_id": "73c277fd-ce86-4e65-8487-af31956e296a", "level": "info", "timestamp": "2026-02-27T17:53:05.776726Z"}
{"method": "POST", "path": "/api/v1/auth/logout", "exc_info": true, "event": "unhandled_exception", "request_id": "878bf471-a7fc-4521-9ee3-ff6888b46d95", "level": "error", "timestamp": "2026-02-27T17:53:05.786129Z"}
{"method": "POST", "path": "/api/v1/auth/logout", "status_code": 500, "duration_ms": 8.71, "event": "request_completed", "request_id": "878bf471-a7fc-4521-9ee3-ff6888b46d95", "level": "info", "timestamp": "2026-02-27T17:53:05.786129Z"}
____________________ TestUsersRouter.test_list_users_admin ____________________
C:\Users\moham\AppData\Local\Programs\Python\Python311\Lib\asyncio\base_events.py:761: in call_soon
    self._check_closed()
C:\Users\moham\AppData\Local\Programs\Python\Python311\Lib\asyncio\base_events.py:519: in _check_closed
    raise RuntimeError('Event loop is closed')
E   RuntimeError: Event loop is closed

The above exception was the direct cause of the following exception:
tests\integration\test_users_router.py:12: in test_list_users_admin
    resp = await client.get(
..\.venv\Lib\site-packages\httpx\_client.py:1768: in get
    return await self.request(
..\.venv\Lib\site-packages\httpx\_client.py:1540: in request
    return await self.send(request, auth=auth, follow_redirects=follow_redirects)
           ^^^^^^^^^^^^^^^^^^^^^^^^^^^^^^^^^^^^^^^^^^^^^^^^^^^^^^^^^^^^^^^^^^^^^^
..\.venv\Lib\site-packages\httpx\_client.py:1629: in send
    response = await self._send_handling_auth(
..\.venv\Lib\site-packages\httpx\_client.py:1657: in _send_handling_auth
    response = await self._send_handling_redirects(
..\.venv\Lib\site-packages\httpx\_client.py:1694: in _send_handling_redirects
    response = await self._send_single_request(request)
               ^^^^^^^^^^^^^^^^^^^^^^^^^^^^^^^^^^^^^^^^
..\.venv\Lib\site-packages\httpx\_client.py:1730: in _send_single_request
    response = await transport.handle_async_request(request)
               ^^^^^^^^^^^^^^^^^^^^^^^^^^^^^^^^^^^^^^^^^^^^^
..\.venv\Lib\site-packages\httpx\_transports\asgi.py:170: in handle_async_request
    await self.app(scope, receive, send)
..\.venv\Lib\site-packages\fastapi\applications.py:1160: in __call__
    await super().__call__(scope, receive, send)
..\.venv\Lib\site-packages\starlette\applications.py:107: in __call__
    await self.middleware_stack(scope, receive, send)
..\.venv\Lib\site-packages\starlette\middleware\errors.py:186: in __call__
    raise exc
..\.venv\Lib\site-packages\starlette\middleware\errors.py:164: in __call__
    await self.app(scope, receive, _send)
..\.venv\Lib\site-packages\starlette\middleware\cors.py:87: in __call__
    await self.app(scope, receive, send)
..\.venv\Lib\site-packages\starlette\middleware\base.py:191: in __call__
    with recv_stream, send_stream, collapse_excgroups():
C:\Users\moham\AppData\Local\Programs\Python\Python311\Lib\contextlib.py:158: in __exit__
    self.gen.throw(typ, value, traceback)
..\.venv\Lib\site-packages\starlette\_utils.py:87: in collapse_excgroups
    raise exc
..\.venv\Lib\site-packages\starlette\middleware\base.py:193: in __call__
    response = await self.dispatch_func(request, call_next)
               ^^^^^^^^^^^^^^^^^^^^^^^^^^^^^^^^^^^^^^^^^^^^
src\middleware\security_headers.py:84: in dispatch
    response = await call_next(request)
               ^^^^^^^^^^^^^^^^^^^^^^^^
..\.venv\Lib\site-packages\starlette\middleware\base.py:168: in call_next
    raise app_exc from app_exc.__cause__ or app_exc.__context__
..\.venv\Lib\site-packages\starlette\middleware\base.py:144: in coro
    await self.app(scope, receive_or_disconnect, send_no_error)
..\.venv\Lib\site-packages\starlette\middleware\base.py:191: in __call__
    with recv_stream, send_stream, collapse_excgroups():
C:\Users\moham\AppData\Local\Programs\Python\Python311\Lib\contextlib.py:158: in __exit__
    self.gen.throw(typ, value, traceback)
..\.venv\Lib\site-packages\starlette\_utils.py:87: in collapse_excgroups
    raise exc
..\.venv\Lib\site-packages\starlette\middleware\base.py:193: in __call__
    response = await self.dispatch_func(request, call_next)
               ^^^^^^^^^^^^^^^^^^^^^^^^^^^^^^^^^^^^^^^^^^^^
src\middleware\rate_limit.py:98: in dispatch
    response = await call_next(request)
               ^^^^^^^^^^^^^^^^^^^^^^^^
..\.venv\Lib\site-packages\starlette\middleware\base.py:168: in call_next
    raise app_exc from app_exc.__cause__ or app_exc.__context__
..\.venv\Lib\site-packages\starlette\middleware\base.py:144: in coro
    await self.app(scope, receive_or_disconnect, send_no_error)
..\.venv\Lib\site-packages\starlette\middleware\base.py:191: in __call__
    with recv_stream, send_stream, collapse_excgroups():
C:\Users\moham\AppData\Local\Programs\Python\Python311\Lib\contextlib.py:158: in __exit__
    self.gen.throw(typ, value, traceback)
..\.venv\Lib\site-packages\starlette\_utils.py:87: in collapse_excgroups
    raise exc
..\.venv\Lib\site-packages\starlette\middleware\base.py:193: in __call__
    response = await self.dispatch_func(request, call_next)
               ^^^^^^^^^^^^^^^^^^^^^^^^^^^^^^^^^^^^^^^^^^^^
src\api\middleware\logging_middleware.py:20: in dispatch
    response = await call_next(request)
               ^^^^^^^^^^^^^^^^^^^^^^^^
..\.venv\Lib\site-packages\starlette\middleware\base.py:168: in call_next
    raise app_exc from app_exc.__cause__ or app_exc.__context__
..\.venv\Lib\site-packages\starlette\middleware\base.py:144: in coro
    await self.app(scope, receive_or_disconnect, send_no_error)
..\.venv\Lib\site-packages\starlette\middleware\exceptions.py:63: in __call__
    await wrap_app_handling_exceptions(self.app, conn)(scope, receive, send)
..\.venv\Lib\site-packages\starlette\_exception_handler.py:53: in wrapped_app
    raise exc
..\.venv\Lib\site-packages\starlette\_exception_handler.py:42: in wrapped_app
    await app(scope, receive, sender)
..\.venv\Lib\site-packages\fastapi\middleware\asyncexitstack.py:18: in __call__
    await self.app(scope, receive, send)
..\.venv\Lib\site-packages\starlette\routing.py:716: in __call__
    await self.middleware_stack(scope, receive, send)
..\.venv\Lib\site-packages\starlette\routing.py:736: in app
    await route.handle(scope, receive, send)
..\.venv\Lib\site-packages\starlette\routing.py:290: in handle
    await self.app(scope, receive, send)
..\.venv\Lib\site-packages\fastapi\routing.py:119: in app
    await wrap_app_handling_exceptions(app, request)(scope, receive, send)
..\.venv\Lib\site-packages\starlette\_exception_handler.py:53: in wrapped_app
    raise exc
..\.venv\Lib\site-packages\starlette\_exception_handler.py:42: in wrapped_app
    await app(scope, receive, sender)
..\.venv\Lib\site-packages\fastapi\routing.py:105: in app
    response = await f(request)
               ^^^^^^^^^^^^^^^^
..\.venv\Lib\site-packages\fastapi\routing.py:421: in app
    solved_result = await solve_dependencies(
..\.venv\Lib\site-packages\fastapi\dependencies\utils.py:616: in solve_dependencies
    solved_result = await solve_dependencies(
..\.venv\Lib\site-packages\fastapi\dependencies\utils.py:645: in solve_dependencies
    solved = await call(**solved_result.values)
             ^^^^^^^^^^^^^^^^^^^^^^^^^^^^^^^^^^
src\core\deps.py:55: in get_current_user
    user = await UserRepository(db).get_by_id(UUID(user_id))
           ^^^^^^^^^^^^^^^^^^^^^^^^^^^^^^^^^^^^^^^^^^^^^^^^^
src\repositories\base_repository.py:22: in get_by_id
    result = await self._session.execute(stmt)
             ^^^^^^^^^^^^^^^^^^^^^^^^^^^^^^^^^
..\.venv\Lib\site-packages\sqlalchemy\ext\asyncio\session.py:449: in execute
    result = await greenlet_spawn(
..\.venv\Lib\site-packages\sqlalchemy\util\_concurrency_py3k.py:201: in greenlet_spawn
    result = context.throw(*sys.exc_info())
             ^^^^^^^^^^^^^^^^^^^^^^^^^^^^^^
..\.venv\Lib\site-packages\sqlalchemy\orm\session.py:2351: in execute
    return self._execute_internal(
..\.venv\Lib\site-packages\sqlalchemy\orm\session.py:2239: in _execute_internal
    conn = self._connection_for_bind(bind)
           ^^^^^^^^^^^^^^^^^^^^^^^^^^^^^^^
..\.venv\Lib\site-packages\sqlalchemy\orm\session.py:2108: in _connection_for_bind
    return trans._connection_for_bind(engine, execution_options)
           ^^^^^^^^^^^^^^^^^^^^^^^^^^^^^^^^^^^^^^^^^^^^^^^^^^^^^
<string>:2: in _connection_for_bind
    ???
..\.venv\Lib\site-packages\sqlalchemy\orm\state_changes.py:137: in _go
    ret_value = fn(self, *arg, **kw)
                ^^^^^^^^^^^^^^^^^^^^
..\.venv\Lib\site-packages\sqlalchemy\orm\session.py:1187: in _connection_for_bind
    conn = bind.connect()
           ^^^^^^^^^^^^^^
..\.venv\Lib\site-packages\sqlalchemy\engine\base.py:3293: in connect
    return self._connection_cls(self)
           ^^^^^^^^^^^^^^^^^^^^^^^^^^
..\.venv\Lib\site-packages\sqlalchemy\engine\base.py:143: in __init__
    self._dbapi_connection = engine.raw_connection()
                             ^^^^^^^^^^^^^^^^^^^^^^^
..\.venv\Lib\site-packages\sqlalchemy\engine\base.py:3317: in raw_connection
    return self.pool.connect()
           ^^^^^^^^^^^^^^^^^^^
..\.venv\Lib\site-packages\sqlalchemy\pool\base.py:448: in connect
    return _ConnectionFairy._checkout(self)
           ^^^^^^^^^^^^^^^^^^^^^^^^^^^^^^^^
..\.venv\Lib\site-packages\sqlalchemy\pool\base.py:1371: in _checkout
    with util.safe_reraise():
..\.venv\Lib\site-packages\sqlalchemy\util\langhelpers.py:121: in __exit__
    raise exc_value.with_traceback(exc_tb)
..\.venv\Lib\site-packages\sqlalchemy\pool\base.py:1309: in _checkout
    result = pool._dialect._do_ping_w_event(
..\.venv\Lib\site-packages\sqlalchemy\engine\default.py:729: in _do_ping_w_event
    return self.do_ping(dbapi_connection)
           ^^^^^^^^^^^^^^^^^^^^^^^^^^^^^^
..\.venv\Lib\site-packages\sqlalchemy\dialects\postgresql\asyncpg.py:1160: in do_ping
    dbapi_connection.ping()
..\.venv\Lib\site-packages\sqlalchemy\dialects\postgresql\asyncpg.py:818: in ping
    self._handle_exception(error)
..\.venv\Lib\site-packages\sqlalchemy\dialects\postgresql\asyncpg.py:799: in _handle_exception
    raise error
..\.venv\Lib\site-packages\sqlalchemy\dialects\postgresql\asyncpg.py:816: in ping
    _ = self.await_(self._async_ping())
        ^^^^^^^^^^^^^^^^^^^^^^^^^^^^^^^
..\.venv\Lib\site-packages\sqlalchemy\util\_concurrency_py3k.py:132: in await_only
    return current.parent.switch(awaitable)  # type: ignore[no-any-return,attr-defined] # noqa: E501
           ^^^^^^^^^^^^^^^^^^^^^^^^^^^^^^^^
..\.venv\Lib\site-packages\sqlalchemy\util\_concurrency_py3k.py:196: in greenlet_spawn
    value = await result
            ^^^^^^^^^^^^
..\.venv\Lib\site-packages\sqlalchemy\dialects\postgresql\asyncpg.py:825: in _async_ping
    await tr.start()
..\.venv\Lib\site-packages\asyncpg\transaction.py:146: in start
    await self._connection.execute(query)
..\.venv\Lib\site-packages\asyncpg\connection.py:354: in execute
    result = await self._protocol.query(query, timeout)
             ^^^^^^^^^^^^^^^^^^^^^^^^^^^^^^^^^^^^^^^^^^
asyncpg/protocol/protocol.pyx:369: in query
    ???
asyncpg/protocol/protocol.pyx:362: in asyncpg.protocol.protocol.BaseProtocol.query
    ???
asyncpg/protocol/coreproto.pyx:1174: in asyncpg.protocol.protocol.CoreProtocol._simple_query
    ???
asyncpg/protocol/protocol.pyx:956: in asyncpg.protocol.protocol.BaseProtocol._write
    ???
C:\Users\moham\AppData\Local\Programs\Python\Python311\Lib\asyncio\proactor_events.py:365: in write
    self._loop_writing(data=bytes(data))
C:\Users\moham\AppData\Local\Programs\Python\Python311\Lib\asyncio\proactor_events.py:401: in _loop_writing
    self._write_fut = self._loop._proactor.send(self._sock, data)
                      ^^^^^^^^^^^^^^^^^^^^^^^^^
E   AttributeError: 'NoneType' object has no attribute 'send'
---------------------------- Captured stdout call -----------------------------
{"method": "POST", "path": "/api/v1/auth/login", "status_code": 200, "duration_ms": 213.64, "event": "request_completed", "request_id": "b00482c3-45a5-4374-8284-420f05db540e", "level": "info", "timestamp": "2026-02-27T17:53:07.048525Z"}
{"method": "GET", "path": "/api/v1/users", "exc_info": true, "event": "unhandled_exception", "request_id": "1b7337b8-5386-46cc-a288-1999935e2875", "level": "error", "timestamp": "2026-02-27T17:53:07.053722Z"}
{"method": "GET", "path": "/api/v1/users", "status_code": 500, "duration_ms": 2.49, "event": "request_completed", "request_id": "1b7337b8-5386-46cc-a288-1999935e2875", "level": "info", "timestamp": "2026-02-27T17:53:07.053722Z"}
------------------------------ Captured log call ------------------------------
ERROR    sqlalchemy.pool.impl.AsyncAdaptedQueuePool:base.py:377 Exception terminating connection <AdaptedConnection <asyncpg.connection.Connection object at 0x00000222D40A63E0>>
Traceback (most recent call last):
  File "D:\Projects\Internal Knowledge AI Agent\.venv\Lib\site-packages\sqlalchemy\pool\base.py", line 373, in _close_connection
    self._dialect.do_terminate(connection)
  File "D:\Projects\Internal Knowledge AI Agent\.venv\Lib\site-packages\sqlalchemy\dialects\postgresql\asyncpg.py", line 1127, in do_terminate
    dbapi_connection.terminate()
  File "D:\Projects\Internal Knowledge AI Agent\.venv\Lib\site-packages\sqlalchemy\connectors\asyncio.py", line 402, in terminate
    self.await_(asyncio.shield(self._terminate_graceful_close()))  # type: ignore[attr-defined] # noqa: E501
    ^^^^^^^^^^^^^^^^^^^^^^^^^^^^^^^^^^^^^^^^^^^^^^^^^^^^^^^^^^^^^
  File "D:\Projects\Internal Knowledge AI Agent\.venv\Lib\site-packages\sqlalchemy\util\_concurrency_py3k.py", line 132, in await_only
    return current.parent.switch(awaitable)  # type: ignore[no-any-return,attr-defined] # noqa: E501
           ^^^^^^^^^^^^^^^^^^^^^^^^^^^^^^^^
  File "D:\Projects\Internal Knowledge AI Agent\.venv\Lib\site-packages\sqlalchemy\util\_concurrency_py3k.py", line 196, in greenlet_spawn
    value = await result
            ^^^^^^^^^^^^
  File "D:\Projects\Internal Knowledge AI Agent\.venv\Lib\site-packages\sqlalchemy\dialects\postgresql\asyncpg.py", line 912, in _terminate_graceful_close
    await self._connection.close(timeout=2)
  File "D:\Projects\Internal Knowledge AI Agent\.venv\Lib\site-packages\asyncpg\connection.py", line 1513, in close
    await self._protocol.close(timeout)
  File "asyncpg/protocol/protocol.pyx", line 617, in close
  File "asyncpg/protocol/protocol.pyx", line 650, in asyncpg.protocol.protocol.BaseProtocol._request_cancel
  File "D:\Projects\Internal Knowledge AI Agent\.venv\Lib\site-packages\asyncpg\connection.py", line 1682, in _cancel_current_command
    self._cancellations.add(self._loop.create_task(self._cancel(waiter)))
                            ^^^^^^^^^^^^^^^^^^^^^^^^^^^^^^^^^^^^^^^^^^^^
  File "C:\Users\moham\AppData\Local\Programs\Python\Python311\Lib\asyncio\base_events.py", line 434, in create_task
    self._check_closed()
  File "C:\Users\moham\AppData\Local\Programs\Python\Python311\Lib\asyncio\base_events.py", line 519, in _check_closed
    raise RuntimeError('Event loop is closed')
RuntimeError: Event loop is closed
___________ TestUsersRouter.test_list_users_regular_user_forbidden ____________
..\.venv\Lib\site-packages\sqlalchemy\dialects\postgresql\asyncpg.py:526: in _prepare_and_execute
    prepared_stmt, attributes = await adapt_connection._prepare(
..\.venv\Lib\site-packages\sqlalchemy\dialects\postgresql\asyncpg.py:773: in _prepare
    prepared_stmt = await self._connection.prepare(
..\.venv\Lib\site-packages\asyncpg\connection.py:638: in prepare
    return await self._prepare(
..\.venv\Lib\site-packages\asyncpg\connection.py:657: in _prepare
    stmt = await self._get_statement(
..\.venv\Lib\site-packages\asyncpg\connection.py:443: in _get_statement
    statement = await self._protocol.prepare(
asyncpg/protocol/protocol.pyx:165: in prepare
    ???
E   asyncpg.exceptions.UndefinedTableError: relation "users" does not exist

The above exception was the direct cause of the following exception:
..\.venv\Lib\site-packages\sqlalchemy\engine\base.py:1967: in _exec_single_context
    self.dialect.do_execute(
..\.venv\Lib\site-packages\sqlalchemy\engine\default.py:952: in do_execute
    cursor.execute(statement, parameters)
..\.venv\Lib\site-packages\sqlalchemy\dialects\postgresql\asyncpg.py:585: in execute
    self._adapt_connection.await_(
..\.venv\Lib\site-packages\sqlalchemy\util\_concurrency_py3k.py:132: in await_only
    return current.parent.switch(awaitable)  # type: ignore[no-any-return,attr-defined] # noqa: E501
           ^^^^^^^^^^^^^^^^^^^^^^^^^^^^^^^^
..\.venv\Lib\site-packages\sqlalchemy\util\_concurrency_py3k.py:196: in greenlet_spawn
    value = await result
            ^^^^^^^^^^^^
..\.venv\Lib\site-packages\sqlalchemy\dialects\postgresql\asyncpg.py:563: in _prepare_and_execute
    self._handle_exception(error)
..\.venv\Lib\site-packages\sqlalchemy\dialects\postgresql\asyncpg.py:513: in _handle_exception
    self._adapt_connection._handle_exception(error)
..\.venv\Lib\site-packages\sqlalchemy\dialects\postgresql\asyncpg.py:797: in _handle_exception
    raise translated_error from error
E   sqlalchemy.dialects.postgresql.asyncpg.AsyncAdapt_asyncpg_dbapi.ProgrammingError: <class 'asyncpg.exceptions.UndefinedTableError'>: relation "users" does not exist

The above exception was the direct cause of the following exception:
tests\integration\test_users_router.py:25: in test_list_users_regular_user_forbidden
    resp = await client.get(
..\.venv\Lib\site-packages\httpx\_client.py:1768: in get
    return await self.request(
..\.venv\Lib\site-packages\httpx\_client.py:1540: in request
    return await self.send(request, auth=auth, follow_redirects=follow_redirects)
           ^^^^^^^^^^^^^^^^^^^^^^^^^^^^^^^^^^^^^^^^^^^^^^^^^^^^^^^^^^^^^^^^^^^^^^
..\.venv\Lib\site-packages\httpx\_client.py:1629: in send
    response = await self._send_handling_auth(
..\.venv\Lib\site-packages\httpx\_client.py:1657: in _send_handling_auth
    response = await self._send_handling_redirects(
..\.venv\Lib\site-packages\httpx\_client.py:1694: in _send_handling_redirects
    response = await self._send_single_request(request)
               ^^^^^^^^^^^^^^^^^^^^^^^^^^^^^^^^^^^^^^^^
..\.venv\Lib\site-packages\httpx\_client.py:1730: in _send_single_request
    response = await transport.handle_async_request(request)
               ^^^^^^^^^^^^^^^^^^^^^^^^^^^^^^^^^^^^^^^^^^^^^
..\.venv\Lib\site-packages\httpx\_transports\asgi.py:170: in handle_async_request
    await self.app(scope, receive, send)
..\.venv\Lib\site-packages\fastapi\applications.py:1160: in __call__
    await super().__call__(scope, receive, send)
..\.venv\Lib\site-packages\starlette\applications.py:107: in __call__
    await self.middleware_stack(scope, receive, send)
..\.venv\Lib\site-packages\starlette\middleware\errors.py:186: in __call__
    raise exc
..\.venv\Lib\site-packages\starlette\middleware\errors.py:164: in __call__
    await self.app(scope, receive, _send)
..\.venv\Lib\site-packages\starlette\middleware\cors.py:87: in __call__
    await self.app(scope, receive, send)
..\.venv\Lib\site-packages\starlette\middleware\base.py:191: in __call__
    with recv_stream, send_stream, collapse_excgroups():
C:\Users\moham\AppData\Local\Programs\Python\Python311\Lib\contextlib.py:158: in __exit__
    self.gen.throw(typ, value, traceback)
..\.venv\Lib\site-packages\starlette\_utils.py:87: in collapse_excgroups
    raise exc
..\.venv\Lib\site-packages\starlette\middleware\base.py:193: in __call__
    response = await self.dispatch_func(request, call_next)
               ^^^^^^^^^^^^^^^^^^^^^^^^^^^^^^^^^^^^^^^^^^^^
src\middleware\security_headers.py:84: in dispatch
    response = await call_next(request)
               ^^^^^^^^^^^^^^^^^^^^^^^^
..\.venv\Lib\site-packages\starlette\middleware\base.py:168: in call_next
    raise app_exc from app_exc.__cause__ or app_exc.__context__
..\.venv\Lib\site-packages\starlette\middleware\base.py:144: in coro
    await self.app(scope, receive_or_disconnect, send_no_error)
..\.venv\Lib\site-packages\starlette\middleware\base.py:191: in __call__
    with recv_stream, send_stream, collapse_excgroups():
C:\Users\moham\AppData\Local\Programs\Python\Python311\Lib\contextlib.py:158: in __exit__
    self.gen.throw(typ, value, traceback)
..\.venv\Lib\site-packages\starlette\_utils.py:87: in collapse_excgroups
    raise exc
..\.venv\Lib\site-packages\starlette\middleware\base.py:193: in __call__
    response = await self.dispatch_func(request, call_next)
               ^^^^^^^^^^^^^^^^^^^^^^^^^^^^^^^^^^^^^^^^^^^^
src\middleware\rate_limit.py:98: in dispatch
    response = await call_next(request)
               ^^^^^^^^^^^^^^^^^^^^^^^^
..\.venv\Lib\site-packages\starlette\middleware\base.py:168: in call_next
    raise app_exc from app_exc.__cause__ or app_exc.__context__
..\.venv\Lib\site-packages\starlette\middleware\base.py:144: in coro
    await self.app(scope, receive_or_disconnect, send_no_error)
..\.venv\Lib\site-packages\starlette\middleware\base.py:191: in __call__
    with recv_stream, send_stream, collapse_excgroups():
C:\Users\moham\AppData\Local\Programs\Python\Python311\Lib\contextlib.py:158: in __exit__
    self.gen.throw(typ, value, traceback)
..\.venv\Lib\site-packages\starlette\_utils.py:87: in collapse_excgroups
    raise exc
..\.venv\Lib\site-packages\starlette\middleware\base.py:193: in __call__
    response = await self.dispatch_func(request, call_next)
               ^^^^^^^^^^^^^^^^^^^^^^^^^^^^^^^^^^^^^^^^^^^^
src\api\middleware\logging_middleware.py:20: in dispatch
    response = await call_next(request)
               ^^^^^^^^^^^^^^^^^^^^^^^^
..\.venv\Lib\site-packages\starlette\middleware\base.py:168: in call_next
    raise app_exc from app_exc.__cause__ or app_exc.__context__
..\.venv\Lib\site-packages\starlette\middleware\base.py:144: in coro
    await self.app(scope, receive_or_disconnect, send_no_error)
..\.venv\Lib\site-packages\starlette\middleware\exceptions.py:63: in __call__
    await wrap_app_handling_exceptions(self.app, conn)(scope, receive, send)
..\.venv\Lib\site-packages\starlette\_exception_handler.py:53: in wrapped_app
    raise exc
..\.venv\Lib\site-packages\starlette\_exception_handler.py:42: in wrapped_app
    await app(scope, receive, sender)
..\.venv\Lib\site-packages\fastapi\middleware\asyncexitstack.py:18: in __call__
    await self.app(scope, receive, send)
..\.venv\Lib\site-packages\starlette\routing.py:716: in __call__
    await self.middleware_stack(scope, receive, send)
..\.venv\Lib\site-packages\starlette\routing.py:736: in app
    await route.handle(scope, receive, send)
..\.venv\Lib\site-packages\starlette\routing.py:290: in handle
    await self.app(scope, receive, send)
..\.venv\Lib\site-packages\fastapi\routing.py:119: in app
    await wrap_app_handling_exceptions(app, request)(scope, receive, send)
..\.venv\Lib\site-packages\starlette\_exception_handler.py:53: in wrapped_app
    raise exc
..\.venv\Lib\site-packages\starlette\_exception_handler.py:42: in wrapped_app
    await app(scope, receive, sender)
..\.venv\Lib\site-packages\fastapi\routing.py:105: in app
    response = await f(request)
               ^^^^^^^^^^^^^^^^
..\.venv\Lib\site-packages\fastapi\routing.py:421: in app
    solved_result = await solve_dependencies(
..\.venv\Lib\site-packages\fastapi\dependencies\utils.py:616: in solve_dependencies
    solved_result = await solve_dependencies(
..\.venv\Lib\site-packages\fastapi\dependencies\utils.py:645: in solve_dependencies
    solved = await call(**solved_result.values)
             ^^^^^^^^^^^^^^^^^^^^^^^^^^^^^^^^^^
src\core\deps.py:55: in get_current_user
    user = await UserRepository(db).get_by_id(UUID(user_id))
           ^^^^^^^^^^^^^^^^^^^^^^^^^^^^^^^^^^^^^^^^^^^^^^^^^
src\repositories\base_repository.py:22: in get_by_id
    result = await self._session.execute(stmt)
             ^^^^^^^^^^^^^^^^^^^^^^^^^^^^^^^^^
..\.venv\Lib\site-packages\sqlalchemy\ext\asyncio\session.py:449: in execute
    result = await greenlet_spawn(
..\.venv\Lib\site-packages\sqlalchemy\util\_concurrency_py3k.py:201: in greenlet_spawn
    result = context.throw(*sys.exc_info())
             ^^^^^^^^^^^^^^^^^^^^^^^^^^^^^^
..\.venv\Lib\site-packages\sqlalchemy\orm\session.py:2351: in execute
    return self._execute_internal(
..\.venv\Lib\site-packages\sqlalchemy\orm\session.py:2249: in _execute_internal
    result: Result[Any] = compile_state_cls.orm_execute_statement(
..\.venv\Lib\site-packages\sqlalchemy\orm\context.py:306: in orm_execute_statement
    result = conn.execute(
..\.venv\Lib\site-packages\sqlalchemy\engine\base.py:1419: in execute
    return meth(
..\.venv\Lib\site-packages\sqlalchemy\sql\elements.py:527: in _execute_on_connection
    return connection._execute_clauseelement(
..\.venv\Lib\site-packages\sqlalchemy\engine\base.py:1641: in _execute_clauseelement
    ret = self._execute_context(
..\.venv\Lib\site-packages\sqlalchemy\engine\base.py:1846: in _execute_context
    return self._exec_single_context(
..\.venv\Lib\site-packages\sqlalchemy\engine\base.py:1986: in _exec_single_context
    self._handle_dbapi_exception(
..\.venv\Lib\site-packages\sqlalchemy\engine\base.py:2363: in _handle_dbapi_exception
    raise sqlalchemy_exception.with_traceback(exc_info[2]) from e
..\.venv\Lib\site-packages\sqlalchemy\engine\base.py:1967: in _exec_single_context
    self.dialect.do_execute(
..\.venv\Lib\site-packages\sqlalchemy\engine\default.py:952: in do_execute
    cursor.execute(statement, parameters)
..\.venv\Lib\site-packages\sqlalchemy\dialects\postgresql\asyncpg.py:585: in execute
    self._adapt_connection.await_(
..\.venv\Lib\site-packages\sqlalchemy\util\_concurrency_py3k.py:132: in await_only
    return current.parent.switch(awaitable)  # type: ignore[no-any-return,attr-defined] # noqa: E501
           ^^^^^^^^^^^^^^^^^^^^^^^^^^^^^^^^
..\.venv\Lib\site-packages\sqlalchemy\util\_concurrency_py3k.py:196: in greenlet_spawn
    value = await result
            ^^^^^^^^^^^^
..\.venv\Lib\site-packages\sqlalchemy\dialects\postgresql\asyncpg.py:563: in _prepare_and_execute
    self._handle_exception(error)
..\.venv\Lib\site-packages\sqlalchemy\dialects\postgresql\asyncpg.py:513: in _handle_exception
    self._adapt_connection._handle_exception(error)
..\.venv\Lib\site-packages\sqlalchemy\dialects\postgresql\asyncpg.py:797: in _handle_exception
    raise translated_error from error
E   sqlalchemy.exc.ProgrammingError: (sqlalchemy.dialects.postgresql.asyncpg.ProgrammingError) <class 'asyncpg.exceptions.UndefinedTableError'>: relation "users" does not exist
E   [SQL: SELECT users.email, users.hashed_password, users.full_name, users.role, users.is_active, users.must_change_password, users.id, users.created_at, users.updated_at, users.deleted_at 
E   FROM users 
E   WHERE users.id = $1::UUID AND users.deleted_at IS NULL]
E   [parameters: (UUID('f4e926fe-2849-4862-916a-430fc218da10'),)]
E   (Background on this error at: https://sqlalche.me/e/20/f405)
---------------------------- Captured stdout call -----------------------------
{"method": "POST", "path": "/api/v1/auth/login", "status_code": 200, "duration_ms": 213.01, "event": "request_completed", "request_id": "0bf77fdc-f450-4002-b6a0-057e8df73f80", "level": "info", "timestamp": "2026-02-27T17:53:08.003796Z"}
{"method": "GET", "path": "/api/v1/users", "exc_info": true, "event": "unhandled_exception", "request_id": "e2ffb53d-2fc7-4f9e-a33e-949cc145a4d3", "level": "error", "timestamp": "2026-02-27T17:53:08.014077Z"}
{"method": "GET", "path": "/api/v1/users", "status_code": 500, "duration_ms": 9.5, "event": "request_completed", "request_id": "e2ffb53d-2fc7-4f9e-a33e-949cc145a4d3", "level": "info", "timestamp": "2026-02-27T17:53:08.014077Z"}
______________________ TestUsersRouter.test_invite_user _______________________
C:\Users\moham\AppData\Local\Programs\Python\Python311\Lib\asyncio\base_events.py:761: in call_soon
    self._check_closed()
C:\Users\moham\AppData\Local\Programs\Python\Python311\Lib\asyncio\base_events.py:519: in _check_closed
    raise RuntimeError('Event loop is closed')
E   RuntimeError: Event loop is closed

The above exception was the direct cause of the following exception:
tests\integration\test_users_router.py:37: in test_invite_user
    resp = await client.post(
..\.venv\Lib\site-packages\httpx\_client.py:1859: in post
    return await self.request(
..\.venv\Lib\site-packages\httpx\_client.py:1540: in request
    return await self.send(request, auth=auth, follow_redirects=follow_redirects)
           ^^^^^^^^^^^^^^^^^^^^^^^^^^^^^^^^^^^^^^^^^^^^^^^^^^^^^^^^^^^^^^^^^^^^^^
..\.venv\Lib\site-packages\httpx\_client.py:1629: in send
    response = await self._send_handling_auth(
..\.venv\Lib\site-packages\httpx\_client.py:1657: in _send_handling_auth
    response = await self._send_handling_redirects(
..\.venv\Lib\site-packages\httpx\_client.py:1694: in _send_handling_redirects
    response = await self._send_single_request(request)
               ^^^^^^^^^^^^^^^^^^^^^^^^^^^^^^^^^^^^^^^^
..\.venv\Lib\site-packages\httpx\_client.py:1730: in _send_single_request
    response = await transport.handle_async_request(request)
               ^^^^^^^^^^^^^^^^^^^^^^^^^^^^^^^^^^^^^^^^^^^^^
..\.venv\Lib\site-packages\httpx\_transports\asgi.py:170: in handle_async_request
    await self.app(scope, receive, send)
..\.venv\Lib\site-packages\fastapi\applications.py:1160: in __call__
    await super().__call__(scope, receive, send)
..\.venv\Lib\site-packages\starlette\applications.py:107: in __call__
    await self.middleware_stack(scope, receive, send)
..\.venv\Lib\site-packages\starlette\middleware\errors.py:186: in __call__
    raise exc
..\.venv\Lib\site-packages\starlette\middleware\errors.py:164: in __call__
    await self.app(scope, receive, _send)
..\.venv\Lib\site-packages\starlette\middleware\cors.py:87: in __call__
    await self.app(scope, receive, send)
..\.venv\Lib\site-packages\starlette\middleware\base.py:191: in __call__
    with recv_stream, send_stream, collapse_excgroups():
C:\Users\moham\AppData\Local\Programs\Python\Python311\Lib\contextlib.py:158: in __exit__
    self.gen.throw(typ, value, traceback)
..\.venv\Lib\site-packages\starlette\_utils.py:87: in collapse_excgroups
    raise exc
..\.venv\Lib\site-packages\starlette\middleware\base.py:193: in __call__
    response = await self.dispatch_func(request, call_next)
               ^^^^^^^^^^^^^^^^^^^^^^^^^^^^^^^^^^^^^^^^^^^^
src\middleware\security_headers.py:84: in dispatch
    response = await call_next(request)
               ^^^^^^^^^^^^^^^^^^^^^^^^
..\.venv\Lib\site-packages\starlette\middleware\base.py:168: in call_next
    raise app_exc from app_exc.__cause__ or app_exc.__context__
..\.venv\Lib\site-packages\starlette\middleware\base.py:144: in coro
    await self.app(scope, receive_or_disconnect, send_no_error)
..\.venv\Lib\site-packages\starlette\middleware\base.py:191: in __call__
    with recv_stream, send_stream, collapse_excgroups():
C:\Users\moham\AppData\Local\Programs\Python\Python311\Lib\contextlib.py:158: in __exit__
    self.gen.throw(typ, value, traceback)
..\.venv\Lib\site-packages\starlette\_utils.py:87: in collapse_excgroups
    raise exc
..\.venv\Lib\site-packages\starlette\middleware\base.py:193: in __call__
    response = await self.dispatch_func(request, call_next)
               ^^^^^^^^^^^^^^^^^^^^^^^^^^^^^^^^^^^^^^^^^^^^
src\middleware\rate_limit.py:98: in dispatch
    response = await call_next(request)
               ^^^^^^^^^^^^^^^^^^^^^^^^
..\.venv\Lib\site-packages\starlette\middleware\base.py:168: in call_next
    raise app_exc from app_exc.__cause__ or app_exc.__context__
..\.venv\Lib\site-packages\starlette\middleware\base.py:144: in coro
    await self.app(scope, receive_or_disconnect, send_no_error)
..\.venv\Lib\site-packages\starlette\middleware\base.py:191: in __call__
    with recv_stream, send_stream, collapse_excgroups():
C:\Users\moham\AppData\Local\Programs\Python\Python311\Lib\contextlib.py:158: in __exit__
    self.gen.throw(typ, value, traceback)
..\.venv\Lib\site-packages\starlette\_utils.py:87: in collapse_excgroups
    raise exc
..\.venv\Lib\site-packages\starlette\middleware\base.py:193: in __call__
    response = await self.dispatch_func(request, call_next)
               ^^^^^^^^^^^^^^^^^^^^^^^^^^^^^^^^^^^^^^^^^^^^
src\api\middleware\logging_middleware.py:20: in dispatch
    response = await call_next(request)
               ^^^^^^^^^^^^^^^^^^^^^^^^
..\.venv\Lib\site-packages\starlette\middleware\base.py:168: in call_next
    raise app_exc from app_exc.__cause__ or app_exc.__context__
..\.venv\Lib\site-packages\starlette\middleware\base.py:144: in coro
    await self.app(scope, receive_or_disconnect, send_no_error)
..\.venv\Lib\site-packages\starlette\middleware\exceptions.py:63: in __call__
    await wrap_app_handling_exceptions(self.app, conn)(scope, receive, send)
..\.venv\Lib\site-packages\starlette\_exception_handler.py:53: in wrapped_app
    raise exc
..\.venv\Lib\site-packages\starlette\_exception_handler.py:42: in wrapped_app
    await app(scope, receive, sender)
..\.venv\Lib\site-packages\fastapi\middleware\asyncexitstack.py:18: in __call__
    await self.app(scope, receive, send)
..\.venv\Lib\site-packages\starlette\routing.py:716: in __call__
    await self.middleware_stack(scope, receive, send)
..\.venv\Lib\site-packages\starlette\routing.py:736: in app
    await route.handle(scope, receive, send)
..\.venv\Lib\site-packages\starlette\routing.py:290: in handle
    await self.app(scope, receive, send)
..\.venv\Lib\site-packages\fastapi\routing.py:119: in app
    await wrap_app_handling_exceptions(app, request)(scope, receive, send)
..\.venv\Lib\site-packages\starlette\_exception_handler.py:53: in wrapped_app
    raise exc
..\.venv\Lib\site-packages\starlette\_exception_handler.py:42: in wrapped_app
    await app(scope, receive, sender)
..\.venv\Lib\site-packages\fastapi\routing.py:105: in app
    response = await f(request)
               ^^^^^^^^^^^^^^^^
..\.venv\Lib\site-packages\fastapi\routing.py:421: in app
    solved_result = await solve_dependencies(
..\.venv\Lib\site-packages\fastapi\dependencies\utils.py:616: in solve_dependencies
    solved_result = await solve_dependencies(
..\.venv\Lib\site-packages\fastapi\dependencies\utils.py:645: in solve_dependencies
    solved = await call(**solved_result.values)
             ^^^^^^^^^^^^^^^^^^^^^^^^^^^^^^^^^^
src\core\deps.py:55: in get_current_user
    user = await UserRepository(db).get_by_id(UUID(user_id))
           ^^^^^^^^^^^^^^^^^^^^^^^^^^^^^^^^^^^^^^^^^^^^^^^^^
src\repositories\base_repository.py:22: in get_by_id
    result = await self._session.execute(stmt)
             ^^^^^^^^^^^^^^^^^^^^^^^^^^^^^^^^^
..\.venv\Lib\site-packages\sqlalchemy\ext\asyncio\session.py:449: in execute
    result = await greenlet_spawn(
..\.venv\Lib\site-packages\sqlalchemy\util\_concurrency_py3k.py:201: in greenlet_spawn
    result = context.throw(*sys.exc_info())
             ^^^^^^^^^^^^^^^^^^^^^^^^^^^^^^
..\.venv\Lib\site-packages\sqlalchemy\orm\session.py:2351: in execute
    return self._execute_internal(
..\.venv\Lib\site-packages\sqlalchemy\orm\session.py:2239: in _execute_internal
    conn = self._connection_for_bind(bind)
           ^^^^^^^^^^^^^^^^^^^^^^^^^^^^^^^
..\.venv\Lib\site-packages\sqlalchemy\orm\session.py:2108: in _connection_for_bind
    return trans._connection_for_bind(engine, execution_options)
           ^^^^^^^^^^^^^^^^^^^^^^^^^^^^^^^^^^^^^^^^^^^^^^^^^^^^^
<string>:2: in _connection_for_bind
    ???
..\.venv\Lib\site-packages\sqlalchemy\orm\state_changes.py:137: in _go
    ret_value = fn(self, *arg, **kw)
                ^^^^^^^^^^^^^^^^^^^^
..\.venv\Lib\site-packages\sqlalchemy\orm\session.py:1187: in _connection_for_bind
    conn = bind.connect()
           ^^^^^^^^^^^^^^
..\.venv\Lib\site-packages\sqlalchemy\engine\base.py:3293: in connect
    return self._connection_cls(self)
           ^^^^^^^^^^^^^^^^^^^^^^^^^^
..\.venv\Lib\site-packages\sqlalchemy\engine\base.py:143: in __init__
    self._dbapi_connection = engine.raw_connection()
                             ^^^^^^^^^^^^^^^^^^^^^^^
..\.venv\Lib\site-packages\sqlalchemy\engine\base.py:3317: in raw_connection
    return self.pool.connect()
           ^^^^^^^^^^^^^^^^^^^
..\.venv\Lib\site-packages\sqlalchemy\pool\base.py:448: in connect
    return _ConnectionFairy._checkout(self)
           ^^^^^^^^^^^^^^^^^^^^^^^^^^^^^^^^
..\.venv\Lib\site-packages\sqlalchemy\pool\base.py:1371: in _checkout
    with util.safe_reraise():
..\.venv\Lib\site-packages\sqlalchemy\util\langhelpers.py:121: in __exit__
    raise exc_value.with_traceback(exc_tb)
..\.venv\Lib\site-packages\sqlalchemy\pool\base.py:1309: in _checkout
    result = pool._dialect._do_ping_w_event(
..\.venv\Lib\site-packages\sqlalchemy\engine\default.py:729: in _do_ping_w_event
    return self.do_ping(dbapi_connection)
           ^^^^^^^^^^^^^^^^^^^^^^^^^^^^^^
..\.venv\Lib\site-packages\sqlalchemy\dialects\postgresql\asyncpg.py:1160: in do_ping
    dbapi_connection.ping()
..\.venv\Lib\site-packages\sqlalchemy\dialects\postgresql\asyncpg.py:818: in ping
    self._handle_exception(error)
..\.venv\Lib\site-packages\sqlalchemy\dialects\postgresql\asyncpg.py:799: in _handle_exception
    raise error
..\.venv\Lib\site-packages\sqlalchemy\dialects\postgresql\asyncpg.py:816: in ping
    _ = self.await_(self._async_ping())
        ^^^^^^^^^^^^^^^^^^^^^^^^^^^^^^^
..\.venv\Lib\site-packages\sqlalchemy\util\_concurrency_py3k.py:132: in await_only
    return current.parent.switch(awaitable)  # type: ignore[no-any-return,attr-defined] # noqa: E501
           ^^^^^^^^^^^^^^^^^^^^^^^^^^^^^^^^
..\.venv\Lib\site-packages\sqlalchemy\util\_concurrency_py3k.py:196: in greenlet_spawn
    value = await result
            ^^^^^^^^^^^^
..\.venv\Lib\site-packages\sqlalchemy\dialects\postgresql\asyncpg.py:825: in _async_ping
    await tr.start()
..\.venv\Lib\site-packages\asyncpg\transaction.py:146: in start
    await self._connection.execute(query)
..\.venv\Lib\site-packages\asyncpg\connection.py:354: in execute
    result = await self._protocol.query(query, timeout)
             ^^^^^^^^^^^^^^^^^^^^^^^^^^^^^^^^^^^^^^^^^^
asyncpg/protocol/protocol.pyx:369: in query
    ???
asyncpg/protocol/protocol.pyx:362: in asyncpg.protocol.protocol.BaseProtocol.query
    ???
asyncpg/protocol/coreproto.pyx:1174: in asyncpg.protocol.protocol.CoreProtocol._simple_query
    ???
asyncpg/protocol/protocol.pyx:956: in asyncpg.protocol.protocol.BaseProtocol._write
    ???
C:\Users\moham\AppData\Local\Programs\Python\Python311\Lib\asyncio\proactor_events.py:365: in write
    self._loop_writing(data=bytes(data))
C:\Users\moham\AppData\Local\Programs\Python\Python311\Lib\asyncio\proactor_events.py:401: in _loop_writing
    self._write_fut = self._loop._proactor.send(self._sock, data)
                      ^^^^^^^^^^^^^^^^^^^^^^^^^
E   AttributeError: 'NoneType' object has no attribute 'send'
---------------------------- Captured stdout call -----------------------------
{"method": "POST", "path": "/api/v1/auth/login", "status_code": 200, "duration_ms": 218.63, "event": "request_completed", "request_id": "8b429daa-ab14-40e3-b2b5-824b12c14398", "level": "info", "timestamp": "2026-02-27T17:53:09.194261Z"}
{"method": "POST", "path": "/api/v1/users/invitations", "exc_info": true, "event": "unhandled_exception", "request_id": "5cbb444c-7001-49a5-a07f-188260090c43", "level": "error", "timestamp": "2026-02-27T17:53:09.197437Z"}
{"method": "POST", "path": "/api/v1/users/invitations", "status_code": 500, "duration_ms": 2.99, "event": "request_completed", "request_id": "5cbb444c-7001-49a5-a07f-188260090c43", "level": "info", "timestamp": "2026-02-27T17:53:09.197437Z"}
------------------------------ Captured log call ------------------------------
ERROR    sqlalchemy.pool.impl.AsyncAdaptedQueuePool:base.py:377 Exception terminating connection <AdaptedConnection <asyncpg.connection.Connection object at 0x00000222D42FCD60>>
Traceback (most recent call last):
  File "D:\Projects\Internal Knowledge AI Agent\.venv\Lib\site-packages\sqlalchemy\pool\base.py", line 373, in _close_connection
    self._dialect.do_terminate(connection)
  File "D:\Projects\Internal Knowledge AI Agent\.venv\Lib\site-packages\sqlalchemy\dialects\postgresql\asyncpg.py", line 1127, in do_terminate
    dbapi_connection.terminate()
  File "D:\Projects\Internal Knowledge AI Agent\.venv\Lib\site-packages\sqlalchemy\connectors\asyncio.py", line 402, in terminate
    self.await_(asyncio.shield(self._terminate_graceful_close()))  # type: ignore[attr-defined] # noqa: E501
    ^^^^^^^^^^^^^^^^^^^^^^^^^^^^^^^^^^^^^^^^^^^^^^^^^^^^^^^^^^^^^
  File "D:\Projects\Internal Knowledge AI Agent\.venv\Lib\site-packages\sqlalchemy\util\_concurrency_py3k.py", line 132, in await_only
    return current.parent.switch(awaitable)  # type: ignore[no-any-return,attr-defined] # noqa: E501
           ^^^^^^^^^^^^^^^^^^^^^^^^^^^^^^^^
  File "D:\Projects\Internal Knowledge AI Agent\.venv\Lib\site-packages\sqlalchemy\util\_concurrency_py3k.py", line 196, in greenlet_spawn
    value = await result
            ^^^^^^^^^^^^
  File "D:\Projects\Internal Knowledge AI Agent\.venv\Lib\site-packages\sqlalchemy\dialects\postgresql\asyncpg.py", line 912, in _terminate_graceful_close
    await self._connection.close(timeout=2)
  File "D:\Projects\Internal Knowledge AI Agent\.venv\Lib\site-packages\asyncpg\connection.py", line 1513, in close
    await self._protocol.close(timeout)
  File "asyncpg/protocol/protocol.pyx", line 617, in close
  File "asyncpg/protocol/protocol.pyx", line 650, in asyncpg.protocol.protocol.BaseProtocol._request_cancel
  File "D:\Projects\Internal Knowledge AI Agent\.venv\Lib\site-packages\asyncpg\connection.py", line 1682, in _cancel_current_command
    self._cancellations.add(self._loop.create_task(self._cancel(waiter)))
                            ^^^^^^^^^^^^^^^^^^^^^^^^^^^^^^^^^^^^^^^^^^^^
  File "C:\Users\moham\AppData\Local\Programs\Python\Python311\Lib\asyncio\base_events.py", line 434, in create_task
    self._check_closed()
  File "C:\Users\moham\AppData\Local\Programs\Python\Python311\Lib\asyncio\base_events.py", line 519, in _check_closed
    raise RuntimeError('Event loop is closed')
RuntimeError: Event loop is closed
______________________ TestUsersRouter.test_change_role _______________________
..\.venv\Lib\site-packages\sqlalchemy\dialects\postgresql\asyncpg.py:526: in _prepare_and_execute
    prepared_stmt, attributes = await adapt_connection._prepare(
..\.venv\Lib\site-packages\sqlalchemy\dialects\postgresql\asyncpg.py:773: in _prepare
    prepared_stmt = await self._connection.prepare(
..\.venv\Lib\site-packages\asyncpg\connection.py:638: in prepare
    return await self._prepare(
..\.venv\Lib\site-packages\asyncpg\connection.py:657: in _prepare
    stmt = await self._get_statement(
..\.venv\Lib\site-packages\asyncpg\connection.py:443: in _get_statement
    statement = await self._protocol.prepare(
asyncpg/protocol/protocol.pyx:165: in prepare
    ???
E   asyncpg.exceptions.UndefinedTableError: relation "users" does not exist

The above exception was the direct cause of the following exception:
..\.venv\Lib\site-packages\sqlalchemy\engine\base.py:1967: in _exec_single_context
    self.dialect.do_execute(
..\.venv\Lib\site-packages\sqlalchemy\engine\default.py:952: in do_execute
    cursor.execute(statement, parameters)
..\.venv\Lib\site-packages\sqlalchemy\dialects\postgresql\asyncpg.py:585: in execute
    self._adapt_connection.await_(
..\.venv\Lib\site-packages\sqlalchemy\util\_concurrency_py3k.py:132: in await_only
    return current.parent.switch(awaitable)  # type: ignore[no-any-return,attr-defined] # noqa: E501
           ^^^^^^^^^^^^^^^^^^^^^^^^^^^^^^^^
..\.venv\Lib\site-packages\sqlalchemy\util\_concurrency_py3k.py:196: in greenlet_spawn
    value = await result
            ^^^^^^^^^^^^
..\.venv\Lib\site-packages\sqlalchemy\dialects\postgresql\asyncpg.py:563: in _prepare_and_execute
    self._handle_exception(error)
..\.venv\Lib\site-packages\sqlalchemy\dialects\postgresql\asyncpg.py:513: in _handle_exception
    self._adapt_connection._handle_exception(error)
..\.venv\Lib\site-packages\sqlalchemy\dialects\postgresql\asyncpg.py:797: in _handle_exception
    raise translated_error from error
E   sqlalchemy.dialects.postgresql.asyncpg.AsyncAdapt_asyncpg_dbapi.ProgrammingError: <class 'asyncpg.exceptions.UndefinedTableError'>: relation "users" does not exist

The above exception was the direct cause of the following exception:
tests\integration\test_users_router.py:48: in test_change_role
    resp = await client.patch(
..\.venv\Lib\site-packages\httpx\_client.py:1933: in patch
    return await self.request(
..\.venv\Lib\site-packages\httpx\_client.py:1540: in request
    return await self.send(request, auth=auth, follow_redirects=follow_redirects)
           ^^^^^^^^^^^^^^^^^^^^^^^^^^^^^^^^^^^^^^^^^^^^^^^^^^^^^^^^^^^^^^^^^^^^^^
..\.venv\Lib\site-packages\httpx\_client.py:1629: in send
    response = await self._send_handling_auth(
..\.venv\Lib\site-packages\httpx\_client.py:1657: in _send_handling_auth
    response = await self._send_handling_redirects(
..\.venv\Lib\site-packages\httpx\_client.py:1694: in _send_handling_redirects
    response = await self._send_single_request(request)
               ^^^^^^^^^^^^^^^^^^^^^^^^^^^^^^^^^^^^^^^^
..\.venv\Lib\site-packages\httpx\_client.py:1730: in _send_single_request
    response = await transport.handle_async_request(request)
               ^^^^^^^^^^^^^^^^^^^^^^^^^^^^^^^^^^^^^^^^^^^^^
..\.venv\Lib\site-packages\httpx\_transports\asgi.py:170: in handle_async_request
    await self.app(scope, receive, send)
..\.venv\Lib\site-packages\fastapi\applications.py:1160: in __call__
    await super().__call__(scope, receive, send)
..\.venv\Lib\site-packages\starlette\applications.py:107: in __call__
    await self.middleware_stack(scope, receive, send)
..\.venv\Lib\site-packages\starlette\middleware\errors.py:186: in __call__
    raise exc
..\.venv\Lib\site-packages\starlette\middleware\errors.py:164: in __call__
    await self.app(scope, receive, _send)
..\.venv\Lib\site-packages\starlette\middleware\cors.py:87: in __call__
    await self.app(scope, receive, send)
..\.venv\Lib\site-packages\starlette\middleware\base.py:191: in __call__
    with recv_stream, send_stream, collapse_excgroups():
C:\Users\moham\AppData\Local\Programs\Python\Python311\Lib\contextlib.py:158: in __exit__
    self.gen.throw(typ, value, traceback)
..\.venv\Lib\site-packages\starlette\_utils.py:87: in collapse_excgroups
    raise exc
..\.venv\Lib\site-packages\starlette\middleware\base.py:193: in __call__
    response = await self.dispatch_func(request, call_next)
               ^^^^^^^^^^^^^^^^^^^^^^^^^^^^^^^^^^^^^^^^^^^^
src\middleware\security_headers.py:84: in dispatch
    response = await call_next(request)
               ^^^^^^^^^^^^^^^^^^^^^^^^
..\.venv\Lib\site-packages\starlette\middleware\base.py:168: in call_next
    raise app_exc from app_exc.__cause__ or app_exc.__context__
..\.venv\Lib\site-packages\starlette\middleware\base.py:144: in coro
    await self.app(scope, receive_or_disconnect, send_no_error)
..\.venv\Lib\site-packages\starlette\middleware\base.py:191: in __call__
    with recv_stream, send_stream, collapse_excgroups():
C:\Users\moham\AppData\Local\Programs\Python\Python311\Lib\contextlib.py:158: in __exit__
    self.gen.throw(typ, value, traceback)
..\.venv\Lib\site-packages\starlette\_utils.py:87: in collapse_excgroups
    raise exc
..\.venv\Lib\site-packages\starlette\middleware\base.py:193: in __call__
    response = await self.dispatch_func(request, call_next)
               ^^^^^^^^^^^^^^^^^^^^^^^^^^^^^^^^^^^^^^^^^^^^
src\middleware\rate_limit.py:98: in dispatch
    response = await call_next(request)
               ^^^^^^^^^^^^^^^^^^^^^^^^
..\.venv\Lib\site-packages\starlette\middleware\base.py:168: in call_next
    raise app_exc from app_exc.__cause__ or app_exc.__context__
..\.venv\Lib\site-packages\starlette\middleware\base.py:144: in coro
    await self.app(scope, receive_or_disconnect, send_no_error)
..\.venv\Lib\site-packages\starlette\middleware\base.py:191: in __call__
    with recv_stream, send_stream, collapse_excgroups():
C:\Users\moham\AppData\Local\Programs\Python\Python311\Lib\contextlib.py:158: in __exit__
    self.gen.throw(typ, value, traceback)
..\.venv\Lib\site-packages\starlette\_utils.py:87: in collapse_excgroups
    raise exc
..\.venv\Lib\site-packages\starlette\middleware\base.py:193: in __call__
    response = await self.dispatch_func(request, call_next)
               ^^^^^^^^^^^^^^^^^^^^^^^^^^^^^^^^^^^^^^^^^^^^
src\api\middleware\logging_middleware.py:20: in dispatch
    response = await call_next(request)
               ^^^^^^^^^^^^^^^^^^^^^^^^
..\.venv\Lib\site-packages\starlette\middleware\base.py:168: in call_next
    raise app_exc from app_exc.__cause__ or app_exc.__context__
..\.venv\Lib\site-packages\starlette\middleware\base.py:144: in coro
    await self.app(scope, receive_or_disconnect, send_no_error)
..\.venv\Lib\site-packages\starlette\middleware\exceptions.py:63: in __call__
    await wrap_app_handling_exceptions(self.app, conn)(scope, receive, send)
..\.venv\Lib\site-packages\starlette\_exception_handler.py:53: in wrapped_app
    raise exc
..\.venv\Lib\site-packages\starlette\_exception_handler.py:42: in wrapped_app
    await app(scope, receive, sender)
..\.venv\Lib\site-packages\fastapi\middleware\asyncexitstack.py:18: in __call__
    await self.app(scope, receive, send)
..\.venv\Lib\site-packages\starlette\routing.py:716: in __call__
    await self.middleware_stack(scope, receive, send)
..\.venv\Lib\site-packages\starlette\routing.py:736: in app
    await route.handle(scope, receive, send)
..\.venv\Lib\site-packages\starlette\routing.py:290: in handle
    await self.app(scope, receive, send)
..\.venv\Lib\site-packages\fastapi\routing.py:119: in app
    await wrap_app_handling_exceptions(app, request)(scope, receive, send)
..\.venv\Lib\site-packages\starlette\_exception_handler.py:53: in wrapped_app
    raise exc
..\.venv\Lib\site-packages\starlette\_exception_handler.py:42: in wrapped_app
    await app(scope, receive, sender)
..\.venv\Lib\site-packages\fastapi\routing.py:105: in app
    response = await f(request)
               ^^^^^^^^^^^^^^^^
..\.venv\Lib\site-packages\fastapi\routing.py:421: in app
    solved_result = await solve_dependencies(
..\.venv\Lib\site-packages\fastapi\dependencies\utils.py:616: in solve_dependencies
    solved_result = await solve_dependencies(
..\.venv\Lib\site-packages\fastapi\dependencies\utils.py:645: in solve_dependencies
    solved = await call(**solved_result.values)
             ^^^^^^^^^^^^^^^^^^^^^^^^^^^^^^^^^^
src\core\deps.py:55: in get_current_user
    user = await UserRepository(db).get_by_id(UUID(user_id))
           ^^^^^^^^^^^^^^^^^^^^^^^^^^^^^^^^^^^^^^^^^^^^^^^^^
src\repositories\base_repository.py:22: in get_by_id
    result = await self._session.execute(stmt)
             ^^^^^^^^^^^^^^^^^^^^^^^^^^^^^^^^^
..\.venv\Lib\site-packages\sqlalchemy\ext\asyncio\session.py:449: in execute
    result = await greenlet_spawn(
..\.venv\Lib\site-packages\sqlalchemy\util\_concurrency_py3k.py:201: in greenlet_spawn
    result = context.throw(*sys.exc_info())
             ^^^^^^^^^^^^^^^^^^^^^^^^^^^^^^
..\.venv\Lib\site-packages\sqlalchemy\orm\session.py:2351: in execute
    return self._execute_internal(
..\.venv\Lib\site-packages\sqlalchemy\orm\session.py:2249: in _execute_internal
    result: Result[Any] = compile_state_cls.orm_execute_statement(
..\.venv\Lib\site-packages\sqlalchemy\orm\context.py:306: in orm_execute_statement
    result = conn.execute(
..\.venv\Lib\site-packages\sqlalchemy\engine\base.py:1419: in execute
    return meth(
..\.venv\Lib\site-packages\sqlalchemy\sql\elements.py:527: in _execute_on_connection
    return connection._execute_clauseelement(
..\.venv\Lib\site-packages\sqlalchemy\engine\base.py:1641: in _execute_clauseelement
    ret = self._execute_context(
..\.venv\Lib\site-packages\sqlalchemy\engine\base.py:1846: in _execute_context
    return self._exec_single_context(
..\.venv\Lib\site-packages\sqlalchemy\engine\base.py:1986: in _exec_single_context
    self._handle_dbapi_exception(
..\.venv\Lib\site-packages\sqlalchemy\engine\base.py:2363: in _handle_dbapi_exception
    raise sqlalchemy_exception.with_traceback(exc_info[2]) from e
..\.venv\Lib\site-packages\sqlalchemy\engine\base.py:1967: in _exec_single_context
    self.dialect.do_execute(
..\.venv\Lib\site-packages\sqlalchemy\engine\default.py:952: in do_execute
    cursor.execute(statement, parameters)
..\.venv\Lib\site-packages\sqlalchemy\dialects\postgresql\asyncpg.py:585: in execute
    self._adapt_connection.await_(
..\.venv\Lib\site-packages\sqlalchemy\util\_concurrency_py3k.py:132: in await_only
    return current.parent.switch(awaitable)  # type: ignore[no-any-return,attr-defined] # noqa: E501
           ^^^^^^^^^^^^^^^^^^^^^^^^^^^^^^^^
..\.venv\Lib\site-packages\sqlalchemy\util\_concurrency_py3k.py:196: in greenlet_spawn
    value = await result
            ^^^^^^^^^^^^
..\.venv\Lib\site-packages\sqlalchemy\dialects\postgresql\asyncpg.py:563: in _prepare_and_execute
    self._handle_exception(error)
..\.venv\Lib\site-packages\sqlalchemy\dialects\postgresql\asyncpg.py:513: in _handle_exception
    self._adapt_connection._handle_exception(error)
..\.venv\Lib\site-packages\sqlalchemy\dialects\postgresql\asyncpg.py:797: in _handle_exception
    raise translated_error from error
E   sqlalchemy.exc.ProgrammingError: (sqlalchemy.dialects.postgresql.asyncpg.ProgrammingError) <class 'asyncpg.exceptions.UndefinedTableError'>: relation "users" does not exist
E   [SQL: SELECT users.email, users.hashed_password, users.full_name, users.role, users.is_active, users.must_change_password, users.id, users.created_at, users.updated_at, users.deleted_at 
E   FROM users 
E   WHERE users.id = $1::UUID AND users.deleted_at IS NULL]
E   [parameters: (UUID('557b2a83-5b55-4ac8-861b-bf6639a83540'),)]
E   (Background on this error at: https://sqlalche.me/e/20/f405)
---------------------------- Captured stdout call -----------------------------
{"method": "POST", "path": "/api/v1/auth/login", "status_code": 200, "duration_ms": 215.16, "event": "request_completed", "request_id": "a0a3b663-bd09-49fa-a502-20cbad433186", "level": "info", "timestamp": "2026-02-27T17:53:10.674044Z"}
{"method": "PATCH", "path": "/api/v1/users/fc7223b4-df3e-4088-a09a-26ab51590d49/role", "exc_info": true, "event": "unhandled_exception", "request_id": "c33015e0-4750-4ffc-a2ea-0c487081e104", "level": "error", "timestamp": "2026-02-27T17:53:10.684662Z"}
{"method": "PATCH", "path": "/api/v1/users/fc7223b4-df3e-4088-a09a-26ab51590d49/role", "status_code": 500, "duration_ms": 13.05, "event": "request_completed", "request_id": "c33015e0-4750-4ffc-a2ea-0c487081e104", "level": "info", "timestamp": "2026-02-27T17:53:10.684662Z"}
____________________ TestUsersRouter.test_deactivate_user _____________________
C:\Users\moham\AppData\Local\Programs\Python\Python311\Lib\asyncio\base_events.py:761: in call_soon
    self._check_closed()
C:\Users\moham\AppData\Local\Programs\Python\Python311\Lib\asyncio\base_events.py:519: in _check_closed
    raise RuntimeError('Event loop is closed')
E   RuntimeError: Event loop is closed

The above exception was the direct cause of the following exception:
tests\integration\test_users_router.py:60: in test_deactivate_user
    resp = await client.delete(
..\.venv\Lib\site-packages\httpx\_client.py:1966: in delete
    return await self.request(
..\.venv\Lib\site-packages\httpx\_client.py:1540: in request
    return await self.send(request, auth=auth, follow_redirects=follow_redirects)
           ^^^^^^^^^^^^^^^^^^^^^^^^^^^^^^^^^^^^^^^^^^^^^^^^^^^^^^^^^^^^^^^^^^^^^^
..\.venv\Lib\site-packages\httpx\_client.py:1629: in send
    response = await self._send_handling_auth(
..\.venv\Lib\site-packages\httpx\_client.py:1657: in _send_handling_auth
    response = await self._send_handling_redirects(
..\.venv\Lib\site-packages\httpx\_client.py:1694: in _send_handling_redirects
    response = await self._send_single_request(request)
               ^^^^^^^^^^^^^^^^^^^^^^^^^^^^^^^^^^^^^^^^
..\.venv\Lib\site-packages\httpx\_client.py:1730: in _send_single_request
    response = await transport.handle_async_request(request)
               ^^^^^^^^^^^^^^^^^^^^^^^^^^^^^^^^^^^^^^^^^^^^^
..\.venv\Lib\site-packages\httpx\_transports\asgi.py:170: in handle_async_request
    await self.app(scope, receive, send)
..\.venv\Lib\site-packages\fastapi\applications.py:1160: in __call__
    await super().__call__(scope, receive, send)
..\.venv\Lib\site-packages\starlette\applications.py:107: in __call__
    await self.middleware_stack(scope, receive, send)
..\.venv\Lib\site-packages\starlette\middleware\errors.py:186: in __call__
    raise exc
..\.venv\Lib\site-packages\starlette\middleware\errors.py:164: in __call__
    await self.app(scope, receive, _send)
..\.venv\Lib\site-packages\starlette\middleware\cors.py:87: in __call__
    await self.app(scope, receive, send)
..\.venv\Lib\site-packages\starlette\middleware\base.py:191: in __call__
    with recv_stream, send_stream, collapse_excgroups():
C:\Users\moham\AppData\Local\Programs\Python\Python311\Lib\contextlib.py:158: in __exit__
    self.gen.throw(typ, value, traceback)
..\.venv\Lib\site-packages\starlette\_utils.py:87: in collapse_excgroups
    raise exc
..\.venv\Lib\site-packages\starlette\middleware\base.py:193: in __call__
    response = await self.dispatch_func(request, call_next)
               ^^^^^^^^^^^^^^^^^^^^^^^^^^^^^^^^^^^^^^^^^^^^
src\middleware\security_headers.py:84: in dispatch
    response = await call_next(request)
               ^^^^^^^^^^^^^^^^^^^^^^^^
..\.venv\Lib\site-packages\starlette\middleware\base.py:168: in call_next
    raise app_exc from app_exc.__cause__ or app_exc.__context__
..\.venv\Lib\site-packages\starlette\middleware\base.py:144: in coro
    await self.app(scope, receive_or_disconnect, send_no_error)
..\.venv\Lib\site-packages\starlette\middleware\base.py:191: in __call__
    with recv_stream, send_stream, collapse_excgroups():
C:\Users\moham\AppData\Local\Programs\Python\Python311\Lib\contextlib.py:158: in __exit__
    self.gen.throw(typ, value, traceback)
..\.venv\Lib\site-packages\starlette\_utils.py:87: in collapse_excgroups
    raise exc
..\.venv\Lib\site-packages\starlette\middleware\base.py:193: in __call__
    response = await self.dispatch_func(request, call_next)
               ^^^^^^^^^^^^^^^^^^^^^^^^^^^^^^^^^^^^^^^^^^^^
src\middleware\rate_limit.py:98: in dispatch
    response = await call_next(request)
               ^^^^^^^^^^^^^^^^^^^^^^^^
..\.venv\Lib\site-packages\starlette\middleware\base.py:168: in call_next
    raise app_exc from app_exc.__cause__ or app_exc.__context__
..\.venv\Lib\site-packages\starlette\middleware\base.py:144: in coro
    await self.app(scope, receive_or_disconnect, send_no_error)
..\.venv\Lib\site-packages\starlette\middleware\base.py:191: in __call__
    with recv_stream, send_stream, collapse_excgroups():
C:\Users\moham\AppData\Local\Programs\Python\Python311\Lib\contextlib.py:158: in __exit__
    self.gen.throw(typ, value, traceback)
..\.venv\Lib\site-packages\starlette\_utils.py:87: in collapse_excgroups
    raise exc
..\.venv\Lib\site-packages\starlette\middleware\base.py:193: in __call__
    response = await self.dispatch_func(request, call_next)
               ^^^^^^^^^^^^^^^^^^^^^^^^^^^^^^^^^^^^^^^^^^^^
src\api\middleware\logging_middleware.py:20: in dispatch
    response = await call_next(request)
               ^^^^^^^^^^^^^^^^^^^^^^^^
..\.venv\Lib\site-packages\starlette\middleware\base.py:168: in call_next
    raise app_exc from app_exc.__cause__ or app_exc.__context__
..\.venv\Lib\site-packages\starlette\middleware\base.py:144: in coro
    await self.app(scope, receive_or_disconnect, send_no_error)
..\.venv\Lib\site-packages\starlette\middleware\exceptions.py:63: in __call__
    await wrap_app_handling_exceptions(self.app, conn)(scope, receive, send)
..\.venv\Lib\site-packages\starlette\_exception_handler.py:53: in wrapped_app
    raise exc
..\.venv\Lib\site-packages\starlette\_exception_handler.py:42: in wrapped_app
    await app(scope, receive, sender)
..\.venv\Lib\site-packages\fastapi\middleware\asyncexitstack.py:18: in __call__
    await self.app(scope, receive, send)
..\.venv\Lib\site-packages\starlette\routing.py:716: in __call__
    await self.middleware_stack(scope, receive, send)
..\.venv\Lib\site-packages\starlette\routing.py:736: in app
    await route.handle(scope, receive, send)
..\.venv\Lib\site-packages\starlette\routing.py:290: in handle
    await self.app(scope, receive, send)
..\.venv\Lib\site-packages\fastapi\routing.py:119: in app
    await wrap_app_handling_exceptions(app, request)(scope, receive, send)
..\.venv\Lib\site-packages\starlette\_exception_handler.py:53: in wrapped_app
    raise exc
..\.venv\Lib\site-packages\starlette\_exception_handler.py:42: in wrapped_app
    await app(scope, receive, sender)
..\.venv\Lib\site-packages\fastapi\routing.py:105: in app
    response = await f(request)
               ^^^^^^^^^^^^^^^^
..\.venv\Lib\site-packages\fastapi\routing.py:421: in app
    solved_result = await solve_dependencies(
..\.venv\Lib\site-packages\fastapi\dependencies\utils.py:616: in solve_dependencies
    solved_result = await solve_dependencies(
..\.venv\Lib\site-packages\fastapi\dependencies\utils.py:645: in solve_dependencies
    solved = await call(**solved_result.values)
             ^^^^^^^^^^^^^^^^^^^^^^^^^^^^^^^^^^
src\core\deps.py:55: in get_current_user
    user = await UserRepository(db).get_by_id(UUID(user_id))
           ^^^^^^^^^^^^^^^^^^^^^^^^^^^^^^^^^^^^^^^^^^^^^^^^^
src\repositories\base_repository.py:22: in get_by_id
    result = await self._session.execute(stmt)
             ^^^^^^^^^^^^^^^^^^^^^^^^^^^^^^^^^
..\.venv\Lib\site-packages\sqlalchemy\ext\asyncio\session.py:449: in execute
    result = await greenlet_spawn(
..\.venv\Lib\site-packages\sqlalchemy\util\_concurrency_py3k.py:201: in greenlet_spawn
    result = context.throw(*sys.exc_info())
             ^^^^^^^^^^^^^^^^^^^^^^^^^^^^^^
..\.venv\Lib\site-packages\sqlalchemy\orm\session.py:2351: in execute
    return self._execute_internal(
..\.venv\Lib\site-packages\sqlalchemy\orm\session.py:2239: in _execute_internal
    conn = self._connection_for_bind(bind)
           ^^^^^^^^^^^^^^^^^^^^^^^^^^^^^^^
..\.venv\Lib\site-packages\sqlalchemy\orm\session.py:2108: in _connection_for_bind
    return trans._connection_for_bind(engine, execution_options)
           ^^^^^^^^^^^^^^^^^^^^^^^^^^^^^^^^^^^^^^^^^^^^^^^^^^^^^
<string>:2: in _connection_for_bind
    ???
..\.venv\Lib\site-packages\sqlalchemy\orm\state_changes.py:137: in _go
    ret_value = fn(self, *arg, **kw)
                ^^^^^^^^^^^^^^^^^^^^
..\.venv\Lib\site-packages\sqlalchemy\orm\session.py:1187: in _connection_for_bind
    conn = bind.connect()
           ^^^^^^^^^^^^^^
..\.venv\Lib\site-packages\sqlalchemy\engine\base.py:3293: in connect
    return self._connection_cls(self)
           ^^^^^^^^^^^^^^^^^^^^^^^^^^
..\.venv\Lib\site-packages\sqlalchemy\engine\base.py:143: in __init__
    self._dbapi_connection = engine.raw_connection()
                             ^^^^^^^^^^^^^^^^^^^^^^^
..\.venv\Lib\site-packages\sqlalchemy\engine\base.py:3317: in raw_connection
    return self.pool.connect()
           ^^^^^^^^^^^^^^^^^^^
..\.venv\Lib\site-packages\sqlalchemy\pool\base.py:448: in connect
    return _ConnectionFairy._checkout(self)
           ^^^^^^^^^^^^^^^^^^^^^^^^^^^^^^^^
..\.venv\Lib\site-packages\sqlalchemy\pool\base.py:1371: in _checkout
    with util.safe_reraise():
..\.venv\Lib\site-packages\sqlalchemy\util\langhelpers.py:121: in __exit__
    raise exc_value.with_traceback(exc_tb)
..\.venv\Lib\site-packages\sqlalchemy\pool\base.py:1309: in _checkout
    result = pool._dialect._do_ping_w_event(
..\.venv\Lib\site-packages\sqlalchemy\engine\default.py:729: in _do_ping_w_event
    return self.do_ping(dbapi_connection)
           ^^^^^^^^^^^^^^^^^^^^^^^^^^^^^^
..\.venv\Lib\site-packages\sqlalchemy\dialects\postgresql\asyncpg.py:1160: in do_ping
    dbapi_connection.ping()
..\.venv\Lib\site-packages\sqlalchemy\dialects\postgresql\asyncpg.py:818: in ping
    self._handle_exception(error)
..\.venv\Lib\site-packages\sqlalchemy\dialects\postgresql\asyncpg.py:799: in _handle_exception
    raise error
..\.venv\Lib\site-packages\sqlalchemy\dialects\postgresql\asyncpg.py:816: in ping
    _ = self.await_(self._async_ping())
        ^^^^^^^^^^^^^^^^^^^^^^^^^^^^^^^
..\.venv\Lib\site-packages\sqlalchemy\util\_concurrency_py3k.py:132: in await_only
    return current.parent.switch(awaitable)  # type: ignore[no-any-return,attr-defined] # noqa: E501
           ^^^^^^^^^^^^^^^^^^^^^^^^^^^^^^^^
..\.venv\Lib\site-packages\sqlalchemy\util\_concurrency_py3k.py:196: in greenlet_spawn
    value = await result
            ^^^^^^^^^^^^
..\.venv\Lib\site-packages\sqlalchemy\dialects\postgresql\asyncpg.py:825: in _async_ping
    await tr.start()
..\.venv\Lib\site-packages\asyncpg\transaction.py:146: in start
    await self._connection.execute(query)
..\.venv\Lib\site-packages\asyncpg\connection.py:354: in execute
    result = await self._protocol.query(query, timeout)
             ^^^^^^^^^^^^^^^^^^^^^^^^^^^^^^^^^^^^^^^^^^
asyncpg/protocol/protocol.pyx:369: in query
    ???
asyncpg/protocol/protocol.pyx:362: in asyncpg.protocol.protocol.BaseProtocol.query
    ???
asyncpg/protocol/coreproto.pyx:1174: in asyncpg.protocol.protocol.CoreProtocol._simple_query
    ???
asyncpg/protocol/protocol.pyx:956: in asyncpg.protocol.protocol.BaseProtocol._write
    ???
C:\Users\moham\AppData\Local\Programs\Python\Python311\Lib\asyncio\proactor_events.py:365: in write
    self._loop_writing(data=bytes(data))
C:\Users\moham\AppData\Local\Programs\Python\Python311\Lib\asyncio\proactor_events.py:401: in _loop_writing
    self._write_fut = self._loop._proactor.send(self._sock, data)
                      ^^^^^^^^^^^^^^^^^^^^^^^^^
E   AttributeError: 'NoneType' object has no attribute 'send'
---------------------------- Captured stdout call -----------------------------
{"method": "POST", "path": "/api/v1/auth/login", "status_code": 200, "duration_ms": 218.8, "event": "request_completed", "request_id": "b737d1e2-9ec6-4ebd-9840-ece6c3dbdbcf", "level": "info", "timestamp": "2026-02-27T17:53:11.970080Z"}
{"method": "DELETE", "path": "/api/v1/users/88d1693e-4a47-4b3a-a2ca-afc01432883d", "exc_info": true, "event": "unhandled_exception", "request_id": "ce34b9f4-7ff7-4ad5-af87-19aeb8fc5820", "level": "error", "timestamp": "2026-02-27T17:53:11.973818Z"}
{"method": "DELETE", "path": "/api/v1/users/88d1693e-4a47-4b3a-a2ca-afc01432883d", "status_code": 500, "duration_ms": 2.87, "event": "request_completed", "request_id": "ce34b9f4-7ff7-4ad5-af87-19aeb8fc5820", "level": "info", "timestamp": "2026-02-27T17:53:11.973818Z"}
------------------------------ Captured log call ------------------------------
ERROR    sqlalchemy.pool.impl.AsyncAdaptedQueuePool:base.py:377 Exception terminating connection <AdaptedConnection <asyncpg.connection.Connection object at 0x00000222D42F0E50>>
Traceback (most recent call last):
  File "D:\Projects\Internal Knowledge AI Agent\.venv\Lib\site-packages\sqlalchemy\pool\base.py", line 373, in _close_connection
    self._dialect.do_terminate(connection)
  File "D:\Projects\Internal Knowledge AI Agent\.venv\Lib\site-packages\sqlalchemy\dialects\postgresql\asyncpg.py", line 1127, in do_terminate
    dbapi_connection.terminate()
  File "D:\Projects\Internal Knowledge AI Agent\.venv\Lib\site-packages\sqlalchemy\connectors\asyncio.py", line 402, in terminate
    self.await_(asyncio.shield(self._terminate_graceful_close()))  # type: ignore[attr-defined] # noqa: E501
    ^^^^^^^^^^^^^^^^^^^^^^^^^^^^^^^^^^^^^^^^^^^^^^^^^^^^^^^^^^^^^
  File "D:\Projects\Internal Knowledge AI Agent\.venv\Lib\site-packages\sqlalchemy\util\_concurrency_py3k.py", line 132, in await_only
    return current.parent.switch(awaitable)  # type: ignore[no-any-return,attr-defined] # noqa: E501
           ^^^^^^^^^^^^^^^^^^^^^^^^^^^^^^^^
  File "D:\Projects\Internal Knowledge AI Agent\.venv\Lib\site-packages\sqlalchemy\util\_concurrency_py3k.py", line 196, in greenlet_spawn
    value = await result
            ^^^^^^^^^^^^
  File "D:\Projects\Internal Knowledge AI Agent\.venv\Lib\site-packages\sqlalchemy\dialects\postgresql\asyncpg.py", line 912, in _terminate_graceful_close
    await self._connection.close(timeout=2)
  File "D:\Projects\Internal Knowledge AI Agent\.venv\Lib\site-packages\asyncpg\connection.py", line 1513, in close
    await self._protocol.close(timeout)
  File "asyncpg/protocol/protocol.pyx", line 617, in close
  File "asyncpg/protocol/protocol.pyx", line 650, in asyncpg.protocol.protocol.BaseProtocol._request_cancel
  File "D:\Projects\Internal Knowledge AI Agent\.venv\Lib\site-packages\asyncpg\connection.py", line 1682, in _cancel_current_command
    self._cancellations.add(self._loop.create_task(self._cancel(waiter)))
                            ^^^^^^^^^^^^^^^^^^^^^^^^^^^^^^^^^^^^^^^^^^^^
  File "C:\Users\moham\AppData\Local\Programs\Python\Python311\Lib\asyncio\base_events.py", line 434, in create_task
    self._check_closed()
  File "C:\Users\moham\AppData\Local\Programs\Python\Python311\Lib\asyncio\base_events.py", line 519, in _check_closed
    raise RuntimeError('Event loop is closed')
RuntimeError: Event loop is closed
=========================== short test summary info ===========================
FAILED tests/integration/test_auth_login.py::TestLogin::test_login_success - ...
FAILED tests/integration/test_auth_login.py::TestLogin::test_login_inactive_user
FAILED tests/integration/test_auth_password.py::TestPasswordReset::test_change_password_success
FAILED tests/integration/test_auth_password.py::TestPasswordReset::test_change_password_wrong_current
FAILED tests/integration/test_auth_password.py::TestInvitationSetup::test_setup_invalid_token
FAILED tests/integration/test_auth_password.py::TestInvitationSetup::test_setup_weak_password
FAILED tests/integration/test_auth_refresh_logout.py::TestRefreshLogout::test_refresh_success
FAILED tests/integration/test_auth_refresh_logout.py::TestRefreshLogout::test_logout_clears_cookie
FAILED tests/integration/test_users_router.py::TestUsersRouter::test_list_users_admin
FAILED tests/integration/test_users_router.py::TestUsersRouter::test_list_users_regular_user_forbidden
FAILED tests/integration/test_users_router.py::TestUsersRouter::test_invite_user
FAILED tests/integration/test_users_router.py::TestUsersRouter::test_change_role
FAILED tests/integration/test_users_router.py::TestUsersRouter::test_deactivate_user
======================== 13 failed, 6 passed in 15.45s ========================
